== hybrid_imitporc_kall_vs_porcelain 13:43
hyb_all vs porcelain: 39-2-59 (0.40) scores 41.9-45.5
porcelain     +35.0 +/- 707106.8      100 games
hyb_all       -35.0 +/- 707106.8      100 games
== hybrid_imitporc_k1_vs_porcelain 13:54
hyb_k1 vs porcelain: 43-2-55 (0.44) scores 40.9-43.8
porcelain     +20.8 +/- 707106.8      100 games
hyb_k1        -20.8 +/- 707106.8      100 games
== ft_open1-004000_vs_porcelain 14:06
ft4000 vs porcelain: 53-0-47 (0.53) scores 42.7-41.1
ft4000        +10.4 +/- 707106.8      100 games
porcelain     -10.4 +/- 707106.8      100 games
== hybrid_imitporc_k2_vs_porcelain 14:18
hyb_k2 vs porcelain: 49-2-49 (0.50) scores 43.0-42.9
hyb_k2         +0.0 +/- 707106.8      100 games
porcelain      +0.0 +/- 707106.8      100 games
== ft_open1-001000_vs_porcelain 14:30
ft1000 vs porcelain: 51-4-45 (0.53) scores 41.8-41.9
ft1000        +10.4 +/- 707106.8      100 games
porcelain     -10.4 +/- 707106.8      100 games
