[atlas] worker 0/3: label --net porcelain=runs/porc_w-p0905-2038/checkpoints/ckpt-000000.pt --rounds 0-1 --sims 4096 --slots 256 --part 0/3 --out data/cloud/opening/porcelain_r01_s4096.part0.npz --workers 1 --seed 1
[atlas] worker 1/3: label --net porcelain=runs/porc_w-p0905-2038/checkpoints/ckpt-000000.pt --rounds 0-1 --sims 4096 --slots 256 --part 1/3 --out data/cloud/opening/porcelain_r01_s4096.part1.npz --workers 1 --seed 2
[atlas] worker 2/3: label --net porcelain=runs/porc_w-p0905-2038/checkpoints/ckpt-000000.pt --rounds 0-1 --sims 4096 --slots 256 --part 2/3 --out data/cloud/opening/porcelain_r01_s4096.part2.npz --workers 1 --seed 3
[atlas] 3795 games, rounds 0-1: 28871 positions (14432 target-seat)
[atlas] 3795 games, rounds 0-1: 28871 positions (14372 target-seat)
[atlas] 3795 games, rounds 0-1: 28871 positions (14376 target-seat)
[atlas] net porcelain (runs/porc_w-p0905-2038/checkpoints/ckpt-000000.pt) on mps; 4096 sims, 256 slots; c_puct 1.4, chance_children 4
[atlas] net porcelain (runs/porc_w-p0905-2038/checkpoints/ckpt-000000.pt) on mps; 4096 sims, 256 slots; c_puct 1.4, chance_children 4
[atlas] net porcelain (runs/porc_w-p0905-2038/checkpoints/ckpt-000000.pt) on mps; 4096 sims, 256 slots; c_puct 1.4, chance_children 4
[atlas] 7/28871 positions, 751,872 evals, 25,058/s, 0.5 min
[atlas] 3/28871 positions, 747,776 evals, 24,920/s, 0.5 min
[atlas] 6/28871 positions, 745,472 evals, 24,846/s, 0.5 min
[atlas] 266/28871 positions, 1,492,736 evals, 24,876/s, 1.0 min
[atlas] 266/28871 positions, 1,488,128 evals, 24,798/s, 1.0 min
[atlas] 264/28871 positions, 1,485,568 evals, 24,755/s, 1.0 min
[atlas] 527/28871 positions, 2,222,336 evals, 24,688/s, 1.5 min
[atlas] 525/28871 positions, 2,215,936 evals, 24,617/s, 1.5 min
[atlas] 527/28871 positions, 2,213,632 evals, 24,592/s, 1.5 min
[atlas] 527/28871 positions, 2,957,568 evals, 24,641/s, 2.0 min
[atlas] 525/28871 positions, 2,950,656 evals, 24,585/s, 2.0 min
[atlas] 527/28871 positions, 2,948,352 evals, 24,566/s, 2.0 min
[atlas] 787/28871 positions, 3,700,992 evals, 24,668/s, 2.5 min
[atlas] 785/28871 positions, 3,692,032 evals, 24,610/s, 2.5 min
[atlas] 790/28871 positions, 3,691,008 evals, 24,604/s, 2.5 min
[atlas] 1049/28871 positions, 4,441,344 evals, 24,669/s, 3.0 min
[atlas] 1043/28871 positions, 4,430,592 evals, 24,610/s, 3.0 min
[atlas] 1051/28871 positions, 4,429,824 evals, 24,607/s, 3.0 min
[atlas] 1049/28871 positions, 5,171,200 evals, 24,620/s, 3.5 min
[atlas] 1043/28871 positions, 5,159,936 evals, 24,567/s, 3.5 min
[atlas] 1051/28871 positions, 5,159,168 evals, 24,564/s, 3.5 min
[atlas] 1310/28871 positions, 5,920,768 evals, 24,665/s, 4.0 min
[atlas] 1307/28871 positions, 5,905,152 evals, 24,601/s, 4.0 min
[atlas] 1312/28871 positions, 5,904,896 evals, 24,601/s, 4.0 min
[atlas] 1570/28871 positions, 6,663,936 evals, 24,677/s, 4.5 min
[atlas] 1568/28871 positions, 6,646,016 evals, 24,610/s, 4.5 min
[atlas] 1571/28871 positions, 6,645,504 evals, 24,610/s, 4.5 min
[atlas] 1831/28871 positions, 7,399,424 evals, 24,660/s, 5.0 min
[atlas] 1831/28871 positions, 7,377,664 evals, 24,588/s, 5.0 min
[atlas] 1835/28871 positions, 7,376,896 evals, 24,587/s, 5.0 min
[atlas] 1831/28871 positions, 8,146,944 evals, 24,683/s, 5.5 min
[atlas] 1831/28871 positions, 8,124,928 evals, 24,617/s, 5.5 min
[atlas] 1835/28871 positions, 8,124,160 evals, 24,615/s, 5.5 min
[atlas] 2092/28871 positions, 8,820,736 evals, 24,497/s, 6.0 min
[atlas] 2092/28871 positions, 8,793,088 evals, 24,421/s, 6.0 min
[atlas] 2096/28871 positions, 8,790,016 evals, 24,413/s, 6.0 min
[atlas] 2092/28871 positions, 9,425,920 evals, 24,164/s, 6.5 min
[atlas] 2092/28871 positions, 9,398,016 evals, 24,094/s, 6.5 min
[atlas] 2096/28871 positions, 9,393,920 evals, 24,083/s, 6.5 min
[atlas] 2354/28871 positions, 9,984,512 evals, 23,768/s, 7.0 min
[atlas] 2352/28871 positions, 9,951,744 evals, 23,691/s, 7.0 min
[atlas] 2353/28871 positions, 9,940,480 evals, 23,664/s, 7.0 min
[atlas] 2354/28871 positions, 10,460,160 evals, 23,240/s, 7.5 min
[atlas] 2352/28871 positions, 10,419,712 evals, 23,151/s, 7.5 min
[atlas] 2353/28871 positions, 10,400,256 evals, 23,107/s, 7.5 min
[atlas] 2615/28871 positions, 10,947,328 evals, 22,802/s, 8.0 min
[atlas] 2610/28871 positions, 10,896,128 evals, 22,696/s, 8.0 min
[atlas] 2614/28871 positions, 10,868,224 evals, 22,638/s, 8.0 min
[atlas] 2615/28871 positions, 11,442,432 evals, 22,432/s, 8.5 min
[atlas] 2610/28871 positions, 11,386,624 evals, 22,322/s, 8.5 min
[atlas] 2614/28871 positions, 11,353,344 evals, 22,257/s, 8.5 min
[atlas] 2875/28871 positions, 12,200,960 evals, 22,590/s, 9.0 min
[atlas] 2870/28871 positions, 12,142,336 evals, 22,481/s, 9.0 min
[atlas] 2872/28871 positions, 12,109,824 evals, 22,422/s, 9.0 min
[atlas] 3134/28871 positions, 12,958,208 evals, 22,729/s, 9.5 min
[atlas] 3132/28871 positions, 12,895,744 evals, 22,619/s, 9.5 min
[atlas] 3131/28871 positions, 12,864,768 evals, 22,566/s, 9.5 min
[atlas] 3134/28871 positions, 13,597,184 evals, 22,657/s, 10.0 min
[atlas] 3132/28871 positions, 13,534,464 evals, 22,553/s, 10.0 min
[atlas] 3131/28871 positions, 13,506,304 evals, 22,507/s, 10.0 min
[atlas] 3395/28871 positions, 14,220,288 evals, 22,567/s, 10.5 min
[atlas] 3392/28871 positions, 14,161,408 evals, 22,474/s, 10.5 min
[atlas] 3394/28871 positions, 14,132,736 evals, 22,429/s, 10.5 min
[atlas] 3655/28871 positions, 14,842,624 evals, 22,484/s, 11.0 min
[atlas] 3652/28871 positions, 14,785,792 evals, 22,398/s, 11.0 min
[atlas] 3658/28871 positions, 14,754,816 evals, 22,352/s, 11.0 min
[atlas] 3655/28871 positions, 15,421,952 evals, 22,346/s, 11.5 min
[atlas] 3652/28871 positions, 15,366,144 evals, 22,265/s, 11.5 min
[atlas] 3658/28871 positions, 15,336,192 evals, 22,223/s, 11.5 min
[atlas] 3916/28871 positions, 16,013,824 evals, 22,237/s, 12.0 min
[atlas] 3914/28871 positions, 15,956,736 evals, 22,158/s, 12.0 min
[atlas] 3920/28871 positions, 15,924,480 evals, 22,114/s, 12.0 min
[atlas] 3916/28871 positions, 16,505,856 evals, 22,003/s, 12.5 min
[atlas] 3914/28871 positions, 16,450,560 evals, 21,930/s, 12.5 min
[atlas] 3920/28871 positions, 16,418,560 evals, 21,888/s, 12.5 min
[atlas] 4175/28871 positions, 16,915,968 evals, 21,682/s, 13.0 min
[atlas] 4174/28871 positions, 16,854,272 evals, 21,603/s, 13.0 min
[atlas] 4180/28871 positions, 16,821,248 evals, 21,562/s, 13.0 min
[atlas] 4175/28871 positions, 17,423,360 evals, 21,505/s, 13.5 min
[atlas] 4180/28871 positions, 17,329,152 evals, 21,391/s, 13.5 min
[atlas] 4174/28871 positions, 17,361,664 evals, 21,430/s, 13.5 min
[atlas] 4434/28871 positions, 17,934,848 evals, 21,346/s, 14.0 min
[atlas] 4439/28871 positions, 17,833,728 evals, 21,227/s, 14.0 min
[atlas] 4433/28871 positions, 17,868,544 evals, 21,268/s, 14.0 min
[atlas] 4434/28871 positions, 18,333,440 evals, 21,068/s, 14.5 min
[atlas] 4439/28871 positions, 18,235,136 evals, 20,957/s, 14.5 min
[atlas] 4433/28871 positions, 18,267,648 evals, 20,992/s, 14.5 min
[atlas] 4434/28871 positions, 18,678,784 evals, 20,749/s, 15.0 min
[atlas] 4439/28871 positions, 18,584,064 evals, 20,646/s, 15.0 min
[atlas] 4433/28871 positions, 18,616,064 evals, 20,680/s, 15.0 min
[atlas] 4697/28871 positions, 19,030,784 evals, 20,458/s, 15.5 min
[atlas] 4702/28871 positions, 18,934,272 evals, 20,356/s, 15.5 min
[atlas] 4695/28871 positions, 18,966,784 evals, 20,390/s, 15.5 min
[atlas] 4697/28871 positions, 19,404,800 evals, 20,208/s, 16.0 min
[atlas] 4702/28871 positions, 19,313,920 evals, 20,115/s, 16.0 min
[atlas] 4695/28871 positions, 19,341,312 evals, 20,142/s, 16.0 min
[atlas] 4697/28871 positions, 19,762,688 evals, 19,957/s, 16.5 min
[atlas] 4702/28871 positions, 19,674,624 evals, 19,870/s, 16.5 min
[atlas] 4695/28871 positions, 19,698,688 evals, 19,893/s, 16.5 min
[atlas] 4959/28871 positions, 20,113,664 evals, 19,714/s, 17.0 min
[atlas] 4969/28871 positions, 20,025,088 evals, 19,629/s, 17.0 min
[atlas] 4955/28871 positions, 20,048,896 evals, 19,651/s, 17.0 min
[atlas] 4959/28871 positions, 20,492,032 evals, 19,511/s, 17.5 min
[atlas] 4969/28871 positions, 20,410,368 evals, 19,435/s, 17.5 min
[atlas] 4955/28871 positions, 20,433,408 evals, 19,456/s, 17.5 min
[atlas] 4959/28871 positions, 20,874,240 evals, 19,322/s, 18.0 min
[atlas] 4969/28871 positions, 20,792,320 evals, 19,249/s, 18.0 min
[atlas] 4955/28871 positions, 20,817,664 evals, 19,271/s, 18.0 min
[atlas] 5219/28871 positions, 21,289,472 evals, 19,174/s, 18.5 min
[atlas] 5228/28871 positions, 21,202,432 evals, 19,098/s, 18.5 min
[atlas] 5216/28871 positions, 21,231,360 evals, 19,123/s, 18.5 min
[atlas] 5219/28871 positions, 21,771,264 evals, 19,092/s, 19.0 min
[atlas] 5228/28871 positions, 21,686,528 evals, 19,020/s, 19.0 min
[atlas] 5216/28871 positions, 21,713,408 evals, 19,042/s, 19.0 min
[atlas] 5482/28871 positions, 22,284,800 evals, 19,041/s, 19.5 min
[atlas] 5489/28871 positions, 22,197,248 evals, 18,968/s, 19.5 min
[atlas] 5478/28871 positions, 22,223,360 evals, 18,990/s, 19.5 min
[atlas] 5482/28871 positions, 22,795,264 evals, 18,990/s, 20.0 min
[atlas] 5489/28871 positions, 22,708,992 evals, 18,921/s, 20.0 min
[atlas] 5478/28871 positions, 22,733,824 evals, 18,940/s, 20.0 min
[atlas] 5746/28871 positions, 23,289,088 evals, 18,929/s, 20.5 min
[atlas] 5751/28871 positions, 23,202,560 evals, 18,860/s, 20.5 min
[atlas] 5738/28871 positions, 23,227,392 evals, 18,879/s, 20.5 min
[atlas] 5746/28871 positions, 23,790,592 evals, 18,876/s, 21.0 min
[atlas] 5751/28871 positions, 23,707,904 evals, 18,812/s, 21.0 min
[atlas] 5738/28871 positions, 23,731,712 evals, 18,830/s, 21.0 min
[atlas] 6005/28871 positions, 24,304,896 evals, 18,836/s, 21.5 min
[atlas] 6012/28871 positions, 24,218,112 evals, 18,770/s, 21.5 min
[atlas] 5998/28871 positions, 24,244,480 evals, 18,790/s, 21.5 min
[atlas] 6005/28871 positions, 24,816,384 evals, 18,795/s, 22.0 min
[atlas] 6012/28871 positions, 24,732,416 evals, 18,733/s, 22.0 min
[atlas] 5998/28871 positions, 24,757,504 evals, 18,751/s, 22.0 min
[atlas] 6269/28871 positions, 25,328,640 evals, 18,757/s, 22.5 min
[atlas] 6272/28871 positions, 25,238,272 evals, 18,691/s, 22.5 min
[atlas] 6260/28871 positions, 25,265,920 evals, 18,711/s, 22.5 min
[atlas] 6269/28871 positions, 25,843,456 evals, 18,722/s, 23.0 min
[atlas] 6272/28871 positions, 25,756,928 evals, 18,661/s, 23.0 min
[atlas] 6260/28871 positions, 25,782,784 evals, 18,679/s, 23.0 min
[atlas] 6529/28871 positions, 26,310,400 evals, 18,654/s, 23.5 min
[atlas] 6520/28871 positions, 26,249,472 evals, 18,612/s, 23.5 min
[atlas] 6527/28871 positions, 26,221,312 evals, 18,592/s, 23.5 min
[atlas] 6529/28871 positions, 26,746,624 evals, 18,569/s, 24.0 min
[atlas] 6520/28871 positions, 26,690,560 evals, 18,530/s, 24.0 min
[atlas] 6531/28871 positions, 26,664,192 evals, 18,512/s, 24.0 min
[atlas] 6529/28871 positions, 27,249,152 evals, 18,531/s, 24.5 min
[atlas] 6520/28871 positions, 27,192,576 evals, 18,494/s, 24.5 min
[atlas] 6531/28871 positions, 27,166,208 evals, 18,475/s, 24.5 min
[atlas] 6787/28871 positions, 27,806,208 evals, 18,532/s, 25.0 min
[atlas] 6782/28871 positions, 27,750,144 evals, 18,495/s, 25.0 min
[atlas] 6792/28871 positions, 27,721,984 evals, 18,476/s, 25.0 min
[atlas] 7050/28871 positions, 28,442,368 evals, 18,584/s, 25.5 min
[atlas] 7042/28871 positions, 28,382,464 evals, 18,546/s, 25.5 min
[atlas] 7054/28871 positions, 28,354,816 evals, 18,527/s, 25.5 min
[atlas] 7050/28871 positions, 29,065,984 evals, 18,627/s, 26.0 min
[atlas] 7042/28871 positions, 29,007,104 evals, 18,590/s, 26.0 min
[atlas] 7054/28871 positions, 28,975,616 evals, 18,569/s, 26.0 min
[atlas] 7311/28871 positions, 29,710,848 evals, 18,681/s, 26.5 min
[atlas] 7305/28871 positions, 29,648,128 evals, 18,642/s, 26.5 min
[atlas] 7315/28871 positions, 29,615,616 evals, 18,621/s, 26.5 min
[atlas] 7311/28871 positions, 30,335,744 evals, 18,721/s, 27.0 min
[atlas] 7305/28871 positions, 30,273,280 evals, 18,682/s, 27.0 min
[atlas] 7315/28871 positions, 30,240,512 evals, 18,662/s, 27.0 min
[atlas] 7575/28871 positions, 30,991,104 evals, 18,777/s, 27.5 min
[atlas] 7572/28871 positions, 30,925,568 evals, 18,738/s, 27.5 min
[atlas] 7575/28871 positions, 30,892,800 evals, 18,718/s, 27.5 min
[atlas] 7575/28871 positions, 31,382,016 evals, 18,674/s, 28.0 min
[atlas] 7572/28871 positions, 31,318,784 evals, 18,637/s, 28.0 min
[atlas] 7575/28871 positions, 31,288,832 evals, 18,619/s, 28.0 min
[atlas] 7836/28871 positions, 31,859,456 evals, 18,626/s, 28.5 min
[atlas] 7833/28871 positions, 31,791,872 evals, 18,587/s, 28.5 min
[atlas] 7840/28871 positions, 31,763,968 evals, 18,570/s, 28.5 min
[atlas] 7836/28871 positions, 32,314,112 evals, 18,566/s, 29.0 min
[atlas] 7833/28871 positions, 32,248,320 evals, 18,529/s, 29.0 min
[atlas] 7840/28871 positions, 32,223,744 evals, 18,514/s, 29.0 min
[atlas] 8100/28871 positions, 32,785,408 evals, 18,517/s, 29.5 min
[atlas] 8097/28871 positions, 32,716,032 evals, 18,479/s, 29.5 min
[atlas] 8099/28871 positions, 32,694,528 evals, 18,466/s, 29.5 min
[atlas] 8100/28871 positions, 33,253,120 evals, 18,469/s, 30.0 min
[atlas] 8097/28871 positions, 33,184,000 evals, 18,431/s, 30.0 min
[atlas] 8099/28871 positions, 33,164,800 evals, 18,420/s, 30.0 min
[atlas] 8358/28871 positions, 33,723,904 evals, 18,423/s, 30.5 min
[atlas] 8357/28871 positions, 33,650,176 evals, 18,383/s, 30.5 min
[atlas] 8361/28871 positions, 33,633,792 evals, 18,374/s, 30.5 min
[atlas] 8358/28871 positions, 34,208,768 evals, 18,386/s, 31.0 min
[atlas] 8357/28871 positions, 34,135,296 evals, 18,347/s, 31.0 min
[atlas] 8361/28871 positions, 34,120,704 evals, 18,340/s, 31.0 min
[atlas] 8620/28871 positions, 34,677,760 evals, 18,343/s, 31.5 min
[atlas] 8357/28871 positions, 34,602,496 evals, 18,303/s, 31.5 min
[atlas] 8361/28871 positions, 34,593,280 evals, 18,298/s, 31.5 min
[atlas] 8620/28871 positions, 35,159,296 evals, 18,307/s, 32.0 min
[atlas] 8619/28871 positions, 35,083,776 evals, 18,268/s, 32.0 min
[atlas] 8625/28871 positions, 35,073,024 evals, 18,262/s, 32.0 min
[atlas] 8620/28871 positions, 35,627,520 evals, 18,265/s, 32.5 min
[atlas] 8619/28871 positions, 35,552,000 evals, 18,227/s, 32.5 min
[atlas] 8625/28871 positions, 35,542,272 evals, 18,222/s, 32.5 min
[atlas] 8881/28871 positions, 36,110,848 evals, 18,232/s, 33.0 min
[atlas] 8880/28871 positions, 36,028,928 evals, 18,192/s, 33.0 min
[atlas] 8885/28871 positions, 36,023,552 evals, 18,189/s, 33.0 min
[atlas] 8881/28871 positions, 36,496,384 evals, 18,152/s, 33.5 min
[atlas] 8880/28871 positions, 36,423,680 evals, 18,117/s, 33.5 min
[atlas] 8885/28871 positions, 36,419,072 evals, 18,114/s, 33.5 min
[atlas] 9138/28871 positions, 36,945,408 evals, 18,105/s, 34.0 min
[atlas] 9139/28871 positions, 36,874,240 evals, 18,071/s, 34.0 min
[atlas] 9150/28871 positions, 36,873,216 evals, 18,070/s, 34.0 min
[atlas] 9138/28871 positions, 37,416,448 evals, 18,070/s, 34.5 min
[atlas] 9139/28871 positions, 37,347,328 evals, 18,038/s, 34.5 min
[atlas] 9150/28871 positions, 37,348,608 evals, 18,038/s, 34.5 min
[atlas] 9396/28871 positions, 37,889,280 evals, 18,037/s, 35.0 min
[atlas] 9398/28871 positions, 37,817,856 evals, 18,004/s, 35.0 min
[atlas] 9412/28871 positions, 37,816,576 evals, 18,003/s, 35.0 min
[atlas] 9396/28871 positions, 38,347,008 evals, 17,998/s, 35.5 min
[atlas] 9398/28871 positions, 38,281,728 evals, 17,968/s, 35.5 min
[atlas] 9412/28871 positions, 38,279,680 evals, 17,967/s, 35.5 min
[atlas] 9396/28871 positions, 38,748,160 evals, 17,934/s, 36.0 min
[atlas] 9398/28871 positions, 38,683,904 evals, 17,905/s, 36.0 min
[atlas] 9412/28871 positions, 38,685,952 evals, 17,905/s, 36.0 min
[atlas] 9656/28871 positions, 39,255,808 evals, 17,920/s, 36.5 min
[atlas] 9662/28871 positions, 39,190,016 evals, 17,890/s, 36.5 min
[atlas] 9670/28871 positions, 39,193,856 evals, 17,892/s, 36.5 min
[atlas] 9656/28871 positions, 39,851,264 evals, 17,946/s, 37.0 min
[atlas] 9662/28871 positions, 39,785,216 evals, 17,917/s, 37.0 min
[atlas] 9670/28871 positions, 39,789,312 evals, 17,918/s, 37.0 min
[atlas] 9921/28871 positions, 40,504,320 evals, 17,997/s, 37.5 min
[atlas] 9926/28871 positions, 40,433,920 evals, 17,966/s, 37.5 min
[atlas] 9931/28871 positions, 40,438,016 evals, 17,968/s, 37.5 min
[atlas] 10183/28871 positions, 41,114,624 evals, 18,027/s, 38.0 min
[atlas] 10186/28871 positions, 41,040,640 evals, 17,996/s, 38.0 min
[atlas] 10192/28871 positions, 41,044,736 evals, 17,997/s, 38.0 min
[atlas] 10183/28871 positions, 41,730,304 evals, 18,060/s, 38.5 min
[atlas] 10186/28871 positions, 41,656,064 evals, 18,028/s, 38.5 min
[atlas] 10192/28871 positions, 41,660,928 evals, 18,030/s, 38.5 min
[atlas] 10444/28871 positions, 42,195,200 evals, 18,027/s, 39.0 min
[atlas] 10448/28871 positions, 42,120,192 evals, 17,996/s, 39.0 min
[atlas] 10453/28871 positions, 42,127,616 evals, 17,999/s, 39.0 min
[atlas] 10444/28871 positions, 42,670,080 evals, 17,999/s, 39.5 min
[atlas] 10448/28871 positions, 42,599,936 evals, 17,970/s, 39.5 min
[atlas] 10453/28871 positions, 42,611,456 evals, 17,975/s, 39.5 min
[atlas] 10707/28871 positions, 43,144,704 evals, 17,972/s, 40.0 min
[atlas] 10710/28871 positions, 43,073,280 evals, 17,943/s, 40.0 min
[atlas] 10715/28871 positions, 43,085,312 evals, 17,948/s, 40.0 min
[atlas] 10707/28871 positions, 43,610,368 evals, 17,941/s, 40.5 min
[atlas] 10710/28871 positions, 43,540,480 evals, 17,913/s, 40.5 min
[atlas] 10715/28871 positions, 43,554,048 evals, 17,919/s, 40.5 min
[atlas] 10968/28871 positions, 44,068,864 evals, 17,909/s, 41.0 min
[atlas] 10710/28871 positions, 44,003,840 evals, 17,883/s, 41.0 min
[atlas] 10715/28871 positions, 44,017,920 evals, 17,889/s, 41.0 min
[atlas] 10968/28871 positions, 44,544,768 evals, 17,884/s, 41.5 min
[atlas] 10973/28871 positions, 44,472,064 evals, 17,856/s, 41.5 min
[atlas] 10978/28871 positions, 44,492,800 evals, 17,864/s, 41.5 min
[atlas] 10968/28871 positions, 44,924,416 evals, 17,822/s, 42.0 min
[atlas] 10973/28871 positions, 44,851,456 evals, 17,794/s, 42.0 min
[atlas] 10978/28871 positions, 44,869,632 evals, 17,801/s, 42.0 min
[atlas] 11232/28871 positions, 45,328,896 evals, 17,771/s, 42.5 min
[atlas] 11236/28871 positions, 45,248,256 evals, 17,740/s, 42.5 min
[atlas] 11239/28871 positions, 45,267,712 evals, 17,747/s, 42.5 min
[atlas] 11232/28871 positions, 45,738,752 evals, 17,723/s, 43.0 min
[atlas] 11236/28871 positions, 45,664,512 evals, 17,695/s, 43.0 min
[atlas] 11239/28871 positions, 45,689,344 evals, 17,704/s, 43.0 min
[atlas] 11495/28871 positions, 46,174,208 evals, 17,686/s, 43.5 min
[atlas] 11236/28871 positions, 46,099,200 evals, 17,658/s, 43.5 min
[atlas] 11239/28871 positions, 46,128,384 evals, 17,669/s, 43.5 min
[atlas] 11495/28871 positions, 46,588,928 evals, 17,642/s, 44.0 min
[atlas] 11496/28871 positions, 46,512,128 evals, 17,613/s, 44.0 min
[atlas] 11502/28871 positions, 46,544,640 evals, 17,626/s, 44.0 min
[atlas] 11495/28871 positions, 46,976,512 evals, 17,589/s, 44.5 min
[atlas] 11496/28871 positions, 46,904,320 evals, 17,562/s, 44.5 min
[atlas] 11502/28871 positions, 46,934,784 evals, 17,574/s, 44.5 min
[atlas] 11760/28871 positions, 47,369,472 evals, 17,539/s, 45.0 min
[atlas] 11760/28871 positions, 47,291,904 evals, 17,511/s, 45.0 min
[atlas] 11762/28871 positions, 47,328,512 evals, 17,524/s, 45.0 min
[atlas] 11760/28871 positions, 47,765,760 evals, 17,491/s, 45.5 min
[atlas] 11760/28871 positions, 47,697,664 evals, 17,467/s, 45.5 min
[atlas] 11762/28871 positions, 47,731,456 evals, 17,479/s, 45.5 min
[atlas] 11760/28871 positions, 48,177,920 evals, 17,451/s, 46.0 min
[atlas] 11760/28871 positions, 48,109,824 evals, 17,426/s, 46.0 min
[atlas] 11762/28871 positions, 48,148,224 evals, 17,440/s, 46.0 min
[atlas] 12024/28871 positions, 48,606,976 evals, 17,417/s, 46.5 min
[atlas] 12021/28871 positions, 48,538,368 evals, 17,393/s, 46.5 min
[atlas] 12022/28871 positions, 48,575,488 evals, 17,406/s, 46.5 min
[atlas] 12024/28871 positions, 49,043,200 evals, 17,386/s, 47.0 min
[atlas] 12021/28871 positions, 48,974,336 evals, 17,362/s, 47.0 min
[atlas] 12022/28871 positions, 49,023,488 evals, 17,380/s, 47.0 min
[atlas] 12284/28871 positions, 49,460,480 evals, 17,349/s, 47.5 min
[atlas] 12284/28871 positions, 49,387,776 evals, 17,324/s, 47.5 min
[atlas] 12286/28871 positions, 49,442,048 evals, 17,344/s, 47.5 min
[atlas] 12284/28871 positions, 49,893,376 evals, 17,319/s, 48.0 min
[atlas] 12284/28871 positions, 49,824,256 evals, 17,295/s, 48.0 min
[atlas] 12286/28871 positions, 49,877,504 evals, 17,314/s, 48.0 min
[atlas] 12547/28871 positions, 50,369,024 evals, 17,304/s, 48.5 min
[atlas] 12284/28871 positions, 50,305,792 evals, 17,283/s, 48.5 min
[atlas] 12547/28871 positions, 50,354,176 evals, 17,299/s, 48.5 min
[atlas] 12547/28871 positions, 50,957,056 evals, 17,327/s, 49.0 min
[atlas] 12547/28871 positions, 50,887,168 evals, 17,304/s, 49.0 min
[atlas] 12547/28871 positions, 50,942,720 evals, 17,323/s, 49.0 min
[atlas] 12808/28871 positions, 51,564,288 evals, 17,357/s, 49.5 min
[atlas] 12806/28871 positions, 51,491,072 evals, 17,332/s, 49.5 min
[atlas] 12807/28871 positions, 51,548,672 evals, 17,352/s, 49.5 min
[atlas] 12808/28871 positions, 52,185,344 evals, 17,390/s, 50.0 min
[atlas] 12806/28871 positions, 52,111,872 evals, 17,366/s, 50.0 min
[atlas] 12807/28871 positions, 52,169,216 evals, 17,385/s, 50.0 min
[atlas] 13068/28871 positions, 52,744,960 evals, 17,402/s, 50.5 min
[atlas] 13067/28871 positions, 52,670,208 evals, 17,378/s, 50.5 min
[atlas] 13069/28871 positions, 52,727,808 evals, 17,397/s, 50.5 min
[atlas] 13068/28871 positions, 53,154,048 evals, 17,365/s, 51.0 min
[atlas] 13067/28871 positions, 53,079,808 evals, 17,342/s, 51.0 min
[atlas] 13069/28871 positions, 53,139,712 evals, 17,361/s, 51.0 min
[atlas] 13331/28871 positions, 53,562,624 evals, 17,329/s, 51.5 min
[atlas] 13329/28871 positions, 53,545,216 evals, 17,324/s, 51.5 min
[atlas] 13067/28871 positions, 53,484,800 evals, 17,304/s, 51.5 min
[atlas] 13331/28871 positions, 53,978,624 evals, 17,296/s, 52.0 min
[atlas] 13329/28871 positions, 53,970,432 evals, 17,294/s, 52.0 min
[atlas] 13329/28871 positions, 53,903,872 evals, 17,272/s, 52.0 min
[atlas] 13331/28871 positions, 54,393,856 evals, 17,263/s, 52.5 min
[atlas] 13329/28871 positions, 54,390,784 evals, 17,262/s, 52.5 min
[atlas] 13329/28871 positions, 54,322,432 evals, 17,240/s, 52.5 min
[atlas] 13589/28871 positions, 54,835,200 evals, 17,239/s, 53.0 min
[atlas] 13591/28871 positions, 54,837,248 evals, 17,240/s, 53.0 min
[atlas] 13591/28871 positions, 54,759,936 evals, 17,215/s, 53.0 min
[atlas] 13589/28871 positions, 55,278,336 evals, 17,216/s, 53.5 min
[atlas] 13591/28871 positions, 55,287,040 evals, 17,219/s, 53.5 min
[atlas] 13591/28871 positions, 55,209,472 evals, 17,194/s, 53.5 min
[atlas] 13850/28871 positions, 55,721,216 evals, 17,193/s, 54.0 min
[atlas] 13857/28871 positions, 55,737,600 evals, 17,199/s, 54.0 min
[atlas] 13851/28871 positions, 55,652,864 evals, 17,172/s, 54.0 min
[atlas] 13850/28871 positions, 56,177,152 evals, 17,174/s, 54.5 min
[atlas] 13857/28871 positions, 56,197,888 evals, 17,181/s, 54.5 min
[atlas] 13851/28871 positions, 56,116,736 evals, 17,156/s, 54.5 min
[atlas] 13850/28871 positions, 56,611,840 evals, 17,150/s, 55.0 min
[atlas] 13857/28871 positions, 56,631,808 evals, 17,157/s, 55.0 min
[atlas] 13851/28871 positions, 56,548,864 evals, 17,131/s, 55.0 min
[atlas] 14112/28871 positions, 57,067,776 evals, 17,132/s, 55.5 min
[atlas] 14119/28871 positions, 57,091,072 evals, 17,140/s, 55.5 min
[atlas] 14112/28871 positions, 57,002,752 evals, 17,113/s, 55.5 min
[atlas] 14112/28871 positions, 57,513,472 evals, 17,112/s, 56.0 min
[atlas] 14119/28871 positions, 57,537,280 evals, 17,120/s, 56.0 min
[atlas] 14112/28871 positions, 57,447,168 evals, 17,093/s, 56.0 min
[atlas] 14372/28871 positions, 57,944,832 evals, 17,088/s, 56.5 min
[atlas] 14381/28871 positions, 57,978,624 evals, 17,098/s, 56.5 min
[atlas] 14377/28871 positions, 57,871,104 evals, 17,066/s, 56.5 min
[atlas] 14372/28871 positions, 58,382,848 evals, 17,066/s, 57.0 min
[atlas] 14381/28871 positions, 58,413,312 evals, 17,075/s, 57.0 min
[atlas] 14377/28871 positions, 58,309,376 evals, 17,045/s, 57.0 min
[atlas] 14632/28871 positions, 58,838,272 evals, 17,050/s, 57.5 min
[atlas] 14640/28871 positions, 58,875,136 evals, 17,061/s, 57.5 min
[atlas] 14639/28871 positions, 58,759,424 evals, 17,027/s, 57.5 min
[atlas] 14632/28871 positions, 59,309,312 evals, 17,038/s, 58.0 min
[atlas] 14640/28871 positions, 59,339,776 evals, 17,047/s, 58.0 min
[atlas] 14639/28871 positions, 59,230,208 evals, 17,015/s, 58.0 min
[atlas] 14632/28871 positions, 59,760,896 evals, 17,021/s, 58.5 min
[atlas] 14899/28871 positions, 59,789,568 evals, 17,030/s, 58.5 min
[atlas] 14639/28871 positions, 59,681,280 evals, 16,998/s, 58.5 min
[atlas] 14891/28871 positions, 60,232,960 evals, 17,010/s, 59.0 min
[atlas] 14899/28871 positions, 60,268,544 evals, 17,021/s, 59.0 min
[atlas] 14906/28871 positions, 60,150,016 evals, 16,987/s, 59.0 min
[atlas] 14891/28871 positions, 60,685,824 evals, 16,994/s, 59.5 min
[atlas] 14899/28871 positions, 60,723,712 evals, 17,005/s, 59.5 min
[atlas] 14906/28871 positions, 60,605,696 evals, 16,972/s, 59.5 min
[atlas] 15154/28871 positions, 61,146,624 evals, 16,980/s, 60.0 min
[atlas] 15167/28871 positions, 61,062,912 evals, 16,957/s, 60.0 min
[atlas] 15162/28871 positions, 61,179,648 evals, 16,990/s, 60.0 min
[atlas] 15154/28871 positions, 61,624,064 evals, 16,971/s, 60.5 min
[atlas] 15167/28871 positions, 61,540,864 evals, 16,949/s, 60.5 min
[atlas] 15162/28871 positions, 61,657,344 evals, 16,981/s, 60.5 min
[atlas] 15417/28871 positions, 62,209,280 evals, 16,992/s, 61.0 min
[atlas] 15428/28871 positions, 62,126,336 evals, 16,970/s, 61.0 min
[atlas] 15424/28871 positions, 62,246,400 evals, 17,003/s, 61.0 min
[atlas] 15417/28871 positions, 62,825,728 evals, 17,021/s, 61.5 min
[atlas] 15424/28871 positions, 62,862,592 evals, 17,031/s, 61.5 min
[atlas] 15428/28871 positions, 62,742,528 evals, 16,999/s, 61.5 min
[atlas] 15681/28871 positions, 63,469,824 evals, 17,057/s, 62.0 min
[atlas] 15686/28871 positions, 63,387,392 evals, 17,035/s, 62.0 min
[atlas] 15689/28871 positions, 63,508,480 evals, 17,068/s, 62.0 min
[atlas] 15947/28871 positions, 64,103,936 evals, 17,089/s, 62.5 min
[atlas] 15946/28871 positions, 64,020,480 evals, 17,067/s, 62.5 min
[atlas] 15951/28871 positions, 64,143,360 evals, 17,100/s, 62.5 min
[atlas] 15947/28871 positions, 64,629,504 evals, 17,093/s, 63.0 min
[atlas] 15946/28871 positions, 64,545,536 evals, 17,071/s, 63.0 min
[atlas] 15951/28871 positions, 64,665,088 evals, 17,103/s, 63.0 min
[atlas] 16206/28871 positions, 65,081,856 evals, 17,077/s, 63.5 min
[atlas] 15946/28871 positions, 64,998,656 evals, 17,055/s, 63.5 min
[atlas] 16212/28871 positions, 65,116,672 evals, 17,087/s, 63.5 min
[atlas] 16206/28871 positions, 65,557,504 evals, 17,067/s, 64.0 min
[atlas] 16209/28871 positions, 65,476,096 evals, 17,046/s, 64.0 min
[atlas] 16212/28871 positions, 65,594,624 evals, 17,077/s, 64.0 min
[atlas] 16206/28871 positions, 66,012,416 evals, 17,053/s, 64.5 min
[atlas] 16212/28871 positions, 66,047,488 evals, 17,062/s, 64.5 min
[atlas] 16209/28871 positions, 65,933,056 evals, 17,032/s, 64.5 min
[atlas] 16466/28871 positions, 66,484,480 evals, 17,042/s, 65.0 min
[atlas] 16468/28871 positions, 66,519,808 evals, 17,052/s, 65.0 min
[atlas] 16467/28871 positions, 66,404,352 evals, 17,022/s, 65.0 min
[atlas] 16466/28871 positions, 66,941,440 evals, 17,029/s, 65.5 min
[atlas] 16467/28871 positions, 66,864,384 evals, 17,009/s, 65.5 min
[atlas] 16468/28871 positions, 66,978,816 evals, 17,039/s, 65.5 min
[atlas] 16730/28871 positions, 67,388,416 evals, 17,012/s, 66.0 min
[atlas] 16726/28871 positions, 67,310,336 evals, 16,993/s, 66.0 min
[atlas] 16731/28871 positions, 67,428,352 evals, 17,023/s, 66.0 min
[atlas] 16730/28871 positions, 67,790,592 evals, 16,985/s, 66.5 min
[atlas] 16726/28871 positions, 67,719,168 evals, 16,968/s, 66.5 min
[atlas] 16731/28871 positions, 67,837,184 evals, 16,997/s, 66.5 min
[atlas] 16994/28871 positions, 68,186,624 evals, 16,957/s, 67.0 min
[atlas] 16726/28871 positions, 68,122,112 evals, 16,941/s, 67.0 min
[atlas] 16993/28871 positions, 68,241,408 evals, 16,971/s, 67.0 min
[atlas] 16994/28871 positions, 68,643,840 evals, 16,944/s, 67.5 min
[atlas] 16991/28871 positions, 68,574,720 evals, 16,927/s, 67.5 min
[atlas] 16993/28871 positions, 68,694,272 evals, 16,957/s, 67.5 min
[atlas] 16994/28871 positions, 69,105,152 evals, 16,933/s, 68.0 min
[atlas] 16991/28871 positions, 69,038,848 evals, 16,917/s, 68.0 min
[atlas] 16993/28871 positions, 69,155,584 evals, 16,945/s, 68.0 min
[atlas] 17256/28871 positions, 69,568,000 evals, 16,922/s, 68.5 min
[atlas] 17252/28871 positions, 69,501,184 evals, 16,906/s, 68.5 min
[atlas] 17255/28871 positions, 69,622,784 evals, 16,935/s, 68.5 min
[atlas] 17256/28871 positions, 70,038,528 evals, 16,913/s, 69.0 min
[atlas] 17252/28871 positions, 69,976,576 evals, 16,898/s, 69.0 min
[atlas] 17255/28871 positions, 70,092,800 evals, 16,926/s, 69.0 min
[atlas] 17521/28871 positions, 70,516,992 evals, 16,906/s, 69.5 min
[atlas] 17513/28871 positions, 70,453,760 evals, 16,891/s, 69.5 min
[atlas] 17515/28871 positions, 70,572,800 evals, 16,919/s, 69.5 min
[atlas] 17521/28871 positions, 70,989,824 evals, 16,897/s, 70.0 min
[atlas] 17513/28871 positions, 70,928,384 evals, 16,883/s, 70.0 min
[atlas] 17515/28871 positions, 71,042,560 evals, 16,910/s, 70.0 min
[atlas] 17780/28871 positions, 71,457,536 evals, 16,888/s, 70.5 min
[atlas] 17774/28871 positions, 71,396,352 evals, 16,874/s, 70.5 min
[atlas] 17779/28871 positions, 71,514,112 evals, 16,902/s, 70.5 min
[atlas] 17780/28871 positions, 71,938,048 evals, 16,882/s, 71.0 min
[atlas] 17774/28871 positions, 71,881,728 evals, 16,869/s, 71.0 min
[atlas] 17779/28871 positions, 71,990,016 evals, 16,895/s, 71.0 min
[atlas] 18043/28871 positions, 72,401,408 evals, 16,872/s, 71.5 min
[atlas] 17774/28871 positions, 72,346,624 evals, 16,860/s, 71.5 min
[atlas] 18036/28871 positions, 72,457,728 evals, 16,885/s, 71.5 min
[atlas] 18043/28871 positions, 72,884,224 evals, 16,866/s, 72.0 min
[atlas] 18034/28871 positions, 72,827,648 evals, 16,854/s, 72.0 min
[atlas] 18036/28871 positions, 72,935,680 evals, 16,879/s, 72.0 min
[atlas] 18043/28871 positions, 73,382,656 evals, 16,865/s, 72.5 min
[atlas] 18034/28871 positions, 73,331,200 evals, 16,853/s, 72.5 min
[atlas] 18298/28871 positions, 73,430,016 evals, 16,876/s, 72.5 min
[atlas] 18304/28871 positions, 73,986,560 evals, 16,887/s, 73.0 min
[atlas] 18295/28871 positions, 73,935,104 evals, 16,876/s, 73.0 min
[atlas] 18298/28871 positions, 74,043,392 evals, 16,900/s, 73.0 min
[atlas] 18565/28871 positions, 74,627,584 evals, 16,917/s, 73.5 min
[atlas] 18558/28871 positions, 74,575,616 evals, 16,906/s, 73.5 min
[atlas] 18558/28871 positions, 74,687,232 evals, 16,931/s, 73.5 min
[atlas] 18565/28871 positions, 75,264,512 evals, 16,947/s, 74.0 min
[atlas] 18558/28871 positions, 75,212,288 evals, 16,935/s, 74.0 min
[atlas] 18558/28871 positions, 75,323,648 evals, 16,960/s, 74.0 min
[atlas] 18830/28871 positions, 75,910,400 evals, 16,977/s, 74.5 min
[atlas] 18819/28871 positions, 75,858,176 evals, 16,966/s, 74.5 min
[atlas] 18819/28871 positions, 75,972,864 evals, 16,992/s, 74.5 min
[atlas] 18830/28871 positions, 76,387,328 evals, 16,970/s, 75.0 min
[atlas] 18819/28871 positions, 76,340,480 evals, 16,960/s, 75.0 min
[atlas] 18819/28871 positions, 76,449,280 evals, 16,984/s, 75.0 min
[atlas] 19095/28871 positions, 76,872,192 evals, 16,965/s, 75.5 min
[atlas] 19078/28871 positions, 76,827,136 evals, 16,955/s, 75.5 min
[atlas] 19078/28871 positions, 76,939,776 evals, 16,980/s, 75.5 min
[atlas] 19095/28871 positions, 77,358,080 evals, 16,960/s, 76.0 min
[atlas] 19078/28871 positions, 77,310,720 evals, 16,949/s, 76.0 min
[atlas] 19078/28871 positions, 77,422,848 evals, 16,974/s, 76.0 min
[atlas] 19359/28871 positions, 77,830,912 evals, 16,952/s, 76.5 min
[atlas] 19335/28871 positions, 77,784,320 evals, 16,942/s, 76.5 min
[atlas] 19340/28871 positions, 77,899,008 evals, 16,967/s, 76.5 min
[atlas] 19359/28871 positions, 78,292,224 evals, 16,941/s, 77.0 min
[atlas] 19335/28871 positions, 78,243,328 evals, 16,931/s, 77.0 min
[atlas] 19340/28871 positions, 78,352,896 evals, 16,955/s, 77.0 min
[atlas] 19621/28871 positions, 78,710,016 evals, 16,922/s, 77.5 min
[atlas] 19335/28871 positions, 78,660,352 evals, 16,912/s, 77.5 min
[atlas] 19604/28871 positions, 78,778,368 evals, 16,937/s, 77.5 min
[atlas] 19621/28871 positions, 79,159,552 evals, 16,909/s, 78.0 min
[atlas] 19596/28871 positions, 79,107,840 evals, 16,899/s, 78.0 min
[atlas] 19604/28871 positions, 79,223,808 evals, 16,924/s, 78.0 min
[atlas] 19621/28871 positions, 79,510,272 evals, 16,876/s, 78.5 min
[atlas] 19596/28871 positions, 79,458,304 evals, 16,866/s, 78.5 min
[atlas] 19604/28871 positions, 79,573,248 evals, 16,890/s, 78.5 min
[atlas] 19879/28871 positions, 79,741,440 evals, 16,818/s, 79.0 min
[atlas] 19596/28871 positions, 79,691,520 evals, 16,808/s, 79.0 min
[atlas] 19864/28871 positions, 79,806,208 evals, 16,832/s, 79.0 min
[atlas] 19879/28871 positions, 79,985,408 evals, 16,763/s, 79.5 min
[atlas] 19859/28871 positions, 79,932,928 evals, 16,753/s, 79.5 min
[atlas] 19864/28871 positions, 80,051,456 evals, 16,778/s, 79.5 min
[atlas] 19859/28871 positions, 80,188,928 evals, 16,702/s, 80.0 min
[atlas] 19879/28871 positions, 80,242,432 evals, 16,712/s, 80.0 min
[atlas] 19864/28871 positions, 80,307,456 evals, 16,726/s, 80.0 min
[atlas] 19859/28871 positions, 80,421,120 evals, 16,646/s, 80.5 min
[atlas] 19879/28871 positions, 80,473,856 evals, 16,656/s, 80.5 min
[atlas] 19864/28871 positions, 80,539,904 evals, 16,670/s, 80.5 min
[atlas] 19859/28871 positions, 80,645,120 evals, 16,589/s, 81.0 min
[atlas] 19879/28871 positions, 80,696,320 evals, 16,599/s, 81.0 min
[atlas] 20103/28871 positions, 80,760,832 evals, 16,613/s, 81.0 min
[atlas] 20117/28871 positions, 80,875,776 evals, 16,535/s, 81.5 min
[atlas] 20141/28871 positions, 80,926,208 evals, 16,544/s, 81.5 min
[atlas] 20123/28871 positions, 81,001,472 evals, 16,560/s, 81.5 min
[atlas] 20117/28871 positions, 81,107,712 evals, 16,481/s, 82.0 min
[atlas] 20141/28871 positions, 81,157,376 evals, 16,490/s, 82.0 min
[atlas] 20123/28871 positions, 81,232,640 evals, 16,506/s, 82.0 min
[atlas] 20117/28871 positions, 81,358,592 evals, 16,432/s, 82.5 min
[atlas] 20141/28871 positions, 81,407,744 evals, 16,441/s, 82.5 min
[atlas] 20123/28871 positions, 81,483,264 evals, 16,456/s, 82.5 min
[atlas] 20117/28871 positions, 81,605,376 evals, 16,382/s, 83.0 min
[atlas] 20141/28871 positions, 81,652,992 evals, 16,391/s, 83.0 min
[atlas] 20123/28871 positions, 81,728,256 evals, 16,406/s, 83.0 min
[atlas] 20379/28871 positions, 81,857,280 evals, 16,334/s, 83.5 min
[atlas] 20401/28871 positions, 81,905,408 evals, 16,343/s, 83.5 min
[atlas] 20383/28871 positions, 81,984,768 evals, 16,359/s, 83.5 min
[atlas] 20379/28871 positions, 82,103,552 evals, 16,286/s, 84.0 min
[atlas] 20401/28871 positions, 82,150,144 evals, 16,294/s, 84.0 min
[atlas] 20383/28871 positions, 82,229,760 evals, 16,311/s, 84.0 min
[atlas] 20379/28871 positions, 82,340,096 evals, 16,236/s, 84.5 min
[atlas] 20401/28871 positions, 82,387,200 evals, 16,245/s, 84.5 min
[atlas] 20383/28871 positions, 82,464,256 evals, 16,260/s, 84.5 min
[atlas] 20379/28871 positions, 82,643,968 evals, 16,200/s, 85.0 min
[atlas] 20401/28871 positions, 82,691,072 evals, 16,209/s, 85.0 min
[atlas] 20383/28871 positions, 82,768,128 evals, 16,224/s, 85.0 min
[atlas] 20638/28871 positions, 83,039,488 evals, 16,183/s, 85.5 min
[atlas] 20666/28871 positions, 83,087,104 evals, 16,191/s, 85.5 min
[atlas] 20645/28871 positions, 83,166,464 evals, 16,207/s, 85.5 min
[atlas] 20638/28871 positions, 83,427,328 evals, 16,164/s, 86.0 min
[atlas] 20666/28871 positions, 83,474,944 evals, 16,172/s, 86.0 min
[atlas] 20645/28871 positions, 83,553,792 evals, 16,188/s, 86.0 min
[atlas] 20638/28871 positions, 83,795,456 evals, 16,141/s, 86.5 min
[atlas] 20666/28871 positions, 83,843,072 evals, 16,150/s, 86.5 min
[atlas] 20909/28871 positions, 83,920,384 evals, 16,165/s, 86.5 min
[atlas] 20902/28871 positions, 84,190,208 evals, 16,124/s, 87.0 min
[atlas] 20929/28871 positions, 84,237,824 evals, 16,132/s, 87.0 min
[atlas] 20909/28871 positions, 84,319,488 evals, 16,148/s, 87.0 min
[atlas] 20902/28871 positions, 84,444,672 evals, 16,080/s, 87.5 min
[atlas] 20929/28871 positions, 84,492,288 evals, 16,089/s, 87.5 min
[atlas] 20909/28871 positions, 84,573,184 evals, 16,104/s, 87.5 min
[atlas] 20902/28871 positions, 84,685,312 evals, 16,034/s, 88.0 min
[atlas] 20929/28871 positions, 84,731,136 evals, 16,042/s, 88.0 min
[atlas] 20909/28871 positions, 84,812,032 evals, 16,058/s, 88.0 min
[atlas] 20902/28871 positions, 84,915,456 evals, 15,987/s, 88.5 min
[atlas] 21189/28871 positions, 84,957,440 evals, 15,994/s, 88.5 min
[atlas] 21168/28871 positions, 85,044,224 evals, 16,011/s, 88.5 min
[atlas] 21162/28871 positions, 85,166,592 evals, 15,944/s, 89.0 min
[atlas] 21189/28871 positions, 85,212,928 evals, 15,952/s, 89.0 min
[atlas] 21168/28871 positions, 85,300,480 evals, 15,969/s, 89.0 min
[atlas] 21162/28871 positions, 85,424,128 evals, 15,903/s, 89.5 min
[atlas] 21189/28871 positions, 85,470,464 evals, 15,911/s, 89.5 min
[atlas] 21168/28871 positions, 85,558,016 evals, 15,928/s, 89.5 min
[atlas] 21162/28871 positions, 85,676,032 evals, 15,861/s, 90.0 min
[atlas] 21189/28871 positions, 85,722,624 evals, 15,869/s, 90.0 min
[atlas] 21168/28871 positions, 85,809,920 evals, 15,886/s, 90.0 min
[atlas] 21162/28871 positions, 85,926,912 evals, 15,820/s, 90.5 min
[atlas] 21189/28871 positions, 85,973,504 evals, 15,828/s, 90.5 min
[atlas] 21427/28871 positions, 86,058,496 evals, 15,844/s, 90.5 min
[atlas] 21427/28871 positions, 86,185,728 evals, 15,780/s, 91.0 min
[atlas] 21452/28871 positions, 86,233,088 evals, 15,788/s, 91.0 min
[atlas] 21427/28871 positions, 86,321,152 evals, 15,805/s, 91.0 min
[atlas] 21427/28871 positions, 86,429,184 evals, 15,738/s, 91.5 min
[atlas] 21452/28871 positions, 86,475,008 evals, 15,746/s, 91.5 min
[atlas] 21427/28871 positions, 86,562,048 evals, 15,762/s, 91.5 min
[atlas] 21427/28871 positions, 86,670,336 evals, 15,697/s, 92.0 min
[atlas] 21452/28871 positions, 86,716,160 evals, 15,704/s, 92.0 min
[atlas] 21427/28871 positions, 86,802,176 evals, 15,720/s, 92.0 min
[atlas] 21427/28871 positions, 86,904,320 evals, 15,654/s, 92.5 min
[atlas] 21452/28871 positions, 86,950,656 evals, 15,662/s, 92.5 min
[atlas] 21427/28871 positions, 87,036,160 evals, 15,677/s, 92.5 min
[atlas] 21688/28871 positions, 87,148,288 evals, 15,613/s, 93.0 min
[atlas] 21716/28871 positions, 87,193,856 evals, 15,621/s, 93.0 min
[atlas] 21691/28871 positions, 87,285,248 evals, 15,637/s, 93.0 min
[atlas] 21688/28871 positions, 87,399,680 evals, 15,575/s, 93.5 min
[atlas] 21716/28871 positions, 87,447,296 evals, 15,582/s, 93.5 min
[atlas] 21691/28871 positions, 87,536,384 evals, 15,599/s, 93.5 min
[atlas] 21688/28871 positions, 87,652,096 evals, 15,536/s, 94.0 min
[atlas] 21716/28871 positions, 87,700,224 evals, 15,544/s, 94.0 min
[atlas] 21691/28871 positions, 87,789,824 evals, 15,560/s, 94.0 min
[atlas] 21688/28871 positions, 87,898,624 evals, 15,498/s, 94.5 min
[atlas] 21716/28871 positions, 87,947,776 evals, 15,506/s, 94.5 min
[atlas] 21691/28871 positions, 88,037,120 evals, 15,522/s, 94.5 min
[atlas] 21944/28871 positions, 88,148,736 evals, 15,460/s, 95.0 min
[atlas] 21975/28871 positions, 88,196,864 evals, 15,468/s, 95.0 min
[atlas] 21954/28871 positions, 88,291,072 evals, 15,485/s, 95.0 min
[atlas] 21944/28871 positions, 88,402,688 evals, 15,423/s, 95.5 min
[atlas] 21975/28871 positions, 88,449,792 evals, 15,431/s, 95.5 min
[atlas] 21954/28871 positions, 88,544,256 evals, 15,448/s, 95.5 min
[atlas] 21944/28871 positions, 88,651,520 evals, 15,386/s, 96.0 min
[atlas] 21975/28871 positions, 88,697,856 evals, 15,394/s, 96.0 min
[atlas] 21954/28871 positions, 88,792,320 evals, 15,410/s, 96.0 min
[atlas] 21944/28871 positions, 88,876,032 evals, 15,345/s, 96.5 min
[atlas] 21975/28871 positions, 88,920,832 evals, 15,352/s, 96.5 min
[atlas] 21954/28871 positions, 89,015,808 evals, 15,369/s, 96.5 min
[atlas] 21944/28871 positions, 89,120,768 evals, 15,308/s, 97.0 min
[atlas] 22239/28871 positions, 89,162,752 evals, 15,315/s, 97.0 min
[atlas] 22211/28871 positions, 89,261,056 evals, 15,332/s, 97.0 min
[atlas] 22206/28871 positions, 89,369,856 evals, 15,272/s, 97.5 min
[atlas] 22239/28871 positions, 89,415,168 evals, 15,279/s, 97.5 min
[atlas] 22211/28871 positions, 89,512,960 evals, 15,296/s, 97.5 min
[atlas] 22206/28871 positions, 89,614,080 evals, 15,236/s, 98.0 min
[atlas] 22239/28871 positions, 89,657,344 evals, 15,243/s, 98.0 min
[atlas] 22211/28871 positions, 89,755,136 evals, 15,259/s, 98.0 min
[atlas] 22206/28871 positions, 89,850,112 evals, 15,198/s, 98.5 min
[atlas] 22239/28871 positions, 89,892,608 evals, 15,205/s, 98.5 min
[atlas] 22211/28871 positions, 89,990,912 evals, 15,222/s, 98.5 min
[atlas] 22473/28871 positions, 90,246,656 evals, 15,188/s, 99.0 min
[atlas] 22501/28871 positions, 90,282,496 evals, 15,194/s, 99.0 min
[atlas] 22472/28871 positions, 90,392,064 evals, 15,212/s, 99.0 min
[atlas] 22473/28871 positions, 90,704,128 evals, 15,189/s, 99.5 min
[atlas] 22501/28871 positions, 90,739,712 evals, 15,194/s, 99.5 min
[atlas] 22472/28871 positions, 90,846,464 evals, 15,212/s, 99.5 min
[atlas] 22473/28871 positions, 91,151,616 evals, 15,187/s, 100.0 min
[atlas] 22501/28871 positions, 91,186,944 evals, 15,192/s, 100.0 min
[atlas] 22735/28871 positions, 91,290,624 evals, 15,210/s, 100.0 min
[atlas] 22732/28871 positions, 91,597,824 evals, 15,186/s, 100.5 min
[atlas] 22765/28871 positions, 91,634,432 evals, 15,191/s, 100.5 min
[atlas] 22735/28871 positions, 91,746,816 evals, 15,210/s, 100.5 min
[atlas] 22732/28871 positions, 91,943,168 evals, 15,168/s, 101.0 min
[atlas] 22765/28871 positions, 91,978,752 evals, 15,173/s, 101.0 min
[atlas] 22735/28871 positions, 92,089,600 evals, 15,191/s, 101.0 min
[atlas] 22732/28871 positions, 92,200,704 evals, 15,135/s, 101.5 min
[atlas] 22765/28871 positions, 92,236,288 evals, 15,140/s, 101.5 min
[atlas] 22999/28871 positions, 92,346,624 evals, 15,158/s, 101.5 min
[atlas] 22998/28871 positions, 92,463,872 evals, 15,104/s, 102.0 min
[atlas] 23026/28871 positions, 92,499,968 evals, 15,109/s, 102.0 min
[atlas] 22999/28871 positions, 92,613,120 evals, 15,128/s, 102.0 min
[atlas] 22998/28871 positions, 92,724,992 evals, 15,073/s, 102.5 min
[atlas] 23026/28871 positions, 92,761,344 evals, 15,078/s, 102.5 min
[atlas] 22999/28871 positions, 92,874,496 evals, 15,096/s, 102.5 min
[atlas] 22998/28871 positions, 92,984,064 evals, 15,041/s, 103.0 min
[atlas] 23026/28871 positions, 93,020,160 evals, 15,046/s, 103.0 min
[atlas] 22999/28871 positions, 93,132,800 evals, 15,065/s, 103.0 min
[atlas] 22998/28871 positions, 93,241,600 evals, 15,010/s, 103.5 min
[atlas] 23026/28871 positions, 93,277,184 evals, 15,015/s, 103.5 min
[atlas] 23259/28871 positions, 93,389,056 evals, 15,033/s, 103.5 min
[atlas] 23258/28871 positions, 93,505,792 evals, 14,980/s, 104.0 min
[atlas] 23285/28871 positions, 93,541,632 evals, 14,985/s, 104.0 min
[atlas] 23259/28871 positions, 93,655,808 evals, 15,004/s, 104.0 min
[atlas] 23258/28871 positions, 93,768,960 evals, 14,951/s, 104.5 min
[atlas] 23285/28871 positions, 93,805,056 evals, 14,956/s, 104.5 min
[atlas] 23259/28871 positions, 93,918,464 evals, 14,974/s, 104.5 min
[atlas] 23258/28871 positions, 94,029,824 evals, 14,921/s, 105.0 min
[atlas] 23285/28871 positions, 94,064,896 evals, 14,926/s, 105.0 min
[atlas] 23259/28871 positions, 94,178,816 evals, 14,944/s, 105.0 min
[atlas] 23258/28871 positions, 94,286,848 evals, 14,891/s, 105.5 min
[atlas] 23285/28871 positions, 94,322,688 evals, 14,895/s, 105.5 min
[atlas] 23520/28871 positions, 94,434,560 evals, 14,913/s, 105.5 min
[atlas] 23517/28871 positions, 94,552,320 evals, 14,862/s, 106.0 min
[atlas] 23548/28871 positions, 94,589,440 evals, 14,867/s, 106.0 min
[atlas] 23520/28871 positions, 94,704,640 evals, 14,885/s, 106.0 min
[atlas] 23517/28871 positions, 94,816,256 evals, 14,834/s, 106.5 min
[atlas] 23548/28871 positions, 94,853,376 evals, 14,839/s, 106.5 min
[atlas] 23520/28871 positions, 94,967,552 evals, 14,857/s, 106.5 min
[atlas] 23517/28871 positions, 95,077,632 evals, 14,805/s, 107.0 min
[atlas] 23548/28871 positions, 95,114,240 evals, 14,810/s, 107.0 min
[atlas] 23520/28871 positions, 95,228,672 evals, 14,828/s, 107.0 min
[atlas] 23517/28871 positions, 95,337,984 evals, 14,777/s, 107.5 min
[atlas] 23548/28871 positions, 95,374,592 evals, 14,781/s, 107.5 min
[atlas] 23781/28871 positions, 95,488,000 evals, 14,799/s, 107.5 min
[atlas] 23782/28871 positions, 95,601,408 evals, 14,749/s, 108.0 min
[atlas] 23804/28871 positions, 95,639,040 evals, 14,754/s, 108.0 min
[atlas] 23781/28871 positions, 95,754,752 evals, 14,772/s, 108.0 min
[atlas] 23782/28871 positions, 95,865,600 evals, 14,721/s, 108.5 min
[atlas] 23804/28871 positions, 95,901,696 evals, 14,726/s, 108.5 min
[atlas] 23781/28871 positions, 96,017,152 evals, 14,744/s, 108.5 min
[atlas] 23782/28871 positions, 96,124,928 evals, 14,693/s, 109.0 min
[atlas] 23804/28871 positions, 96,161,024 evals, 14,698/s, 109.0 min
[atlas] 23781/28871 positions, 96,276,992 evals, 14,716/s, 109.0 min
[atlas] 23782/28871 positions, 96,382,976 evals, 14,666/s, 109.5 min
[atlas] 23804/28871 positions, 96,418,560 evals, 14,670/s, 109.5 min
[atlas] 24042/28871 positions, 96,534,784 evals, 14,688/s, 109.5 min
[atlas] 24044/28871 positions, 96,647,168 evals, 14,639/s, 110.0 min
[atlas] 24063/28871 positions, 96,683,776 evals, 14,644/s, 110.0 min
[atlas] 24042/28871 positions, 96,802,048 evals, 14,662/s, 110.0 min
[atlas] 24044/28871 positions, 96,910,848 evals, 14,612/s, 110.5 min
[atlas] 24063/28871 positions, 96,946,688 evals, 14,617/s, 110.5 min
[atlas] 24042/28871 positions, 97,065,472 evals, 14,635/s, 110.5 min
[atlas] 24044/28871 positions, 97,171,200 evals, 14,586/s, 111.0 min
[atlas] 24063/28871 positions, 97,206,784 evals, 14,590/s, 111.0 min
[atlas] 24042/28871 positions, 97,325,568 evals, 14,608/s, 111.0 min
[atlas] 24044/28871 positions, 97,428,992 evals, 14,559/s, 111.5 min
[atlas] 24063/28871 positions, 97,465,344 evals, 14,563/s, 111.5 min
[atlas] 24301/28871 positions, 97,582,336 evals, 14,581/s, 111.5 min
[atlas] 24305/28871 positions, 97,695,744 evals, 14,533/s, 112.0 min
[atlas] 24325/28871 positions, 97,731,072 evals, 14,538/s, 112.0 min
[atlas] 24301/28871 positions, 97,851,904 evals, 14,556/s, 112.0 min
[atlas] 24305/28871 positions, 97,958,912 evals, 14,508/s, 112.5 min
[atlas] 24325/28871 positions, 97,995,008 evals, 14,512/s, 112.5 min
[atlas] 24301/28871 positions, 98,114,816 evals, 14,530/s, 112.5 min
[atlas] 24305/28871 positions, 98,216,960 evals, 14,482/s, 113.0 min
[atlas] 24325/28871 positions, 98,253,568 evals, 14,486/s, 113.0 min
[atlas] 24301/28871 positions, 98,372,096 evals, 14,504/s, 113.0 min
[atlas] 24305/28871 positions, 98,473,984 evals, 14,456/s, 113.5 min
[atlas] 24325/28871 positions, 98,510,080 evals, 14,460/s, 113.5 min
[atlas] 24560/28871 positions, 98,626,304 evals, 14,477/s, 113.5 min
[atlas] 24565/28871 positions, 98,738,432 evals, 14,431/s, 114.0 min
[atlas] 24586/28871 positions, 98,774,528 evals, 14,435/s, 114.0 min
[atlas] 24560/28871 positions, 98,894,592 evals, 14,453/s, 114.0 min
[atlas] 24565/28871 positions, 99,001,344 evals, 14,406/s, 114.5 min
[atlas] 24586/28871 positions, 99,036,928 evals, 14,411/s, 114.5 min
[atlas] 24560/28871 positions, 99,156,480 evals, 14,428/s, 114.5 min
[atlas] 24565/28871 positions, 99,270,144 evals, 14,382/s, 115.0 min
[atlas] 24586/28871 positions, 99,305,728 evals, 14,387/s, 115.0 min
[atlas] 24560/28871 positions, 99,425,792 evals, 14,404/s, 115.0 min
[atlas] 24565/28871 positions, 99,567,616 evals, 14,363/s, 115.5 min
[atlas] 24586/28871 positions, 99,603,200 evals, 14,368/s, 115.5 min
[atlas] 24820/28871 positions, 99,723,776 evals, 14,385/s, 115.5 min
[atlas] 24826/28871 positions, 99,924,224 evals, 14,352/s, 116.0 min
[atlas] 24848/28871 positions, 99,960,064 evals, 14,357/s, 116.0 min
[atlas] 24820/28871 positions, 100,083,968 evals, 14,375/s, 116.0 min
[atlas] 24826/28871 positions, 100,248,320 evals, 14,337/s, 116.5 min
[atlas] 24848/28871 positions, 100,283,648 evals, 14,341/s, 116.5 min
[atlas] 24820/28871 positions, 100,407,808 evals, 14,359/s, 116.5 min
[atlas] 24826/28871 positions, 100,584,960 evals, 14,324/s, 117.0 min
[atlas] 24848/28871 positions, 100,620,800 evals, 14,328/s, 117.0 min
[atlas] 25079/28871 positions, 100,743,424 evals, 14,346/s, 117.0 min
[atlas] 25090/28871 positions, 101,081,600 evals, 14,333/s, 117.5 min
[atlas] 25109/28871 positions, 101,118,208 evals, 14,338/s, 117.5 min
[atlas] 25079/28871 positions, 101,244,160 evals, 14,356/s, 117.5 min
[atlas] 25090/28871 positions, 101,444,864 evals, 14,324/s, 118.0 min
[atlas] 25109/28871 positions, 101,480,960 evals, 14,328/s, 118.0 min
[atlas] 25079/28871 positions, 101,607,168 evals, 14,346/s, 118.0 min
[atlas] 25356/28871 positions, 101,916,416 evals, 14,330/s, 118.5 min
[atlas] 25370/28871 positions, 101,953,280 evals, 14,334/s, 118.5 min
[atlas] 25337/28871 positions, 102,082,304 evals, 14,352/s, 118.5 min
[atlas] 25356/28871 positions, 102,374,912 evals, 14,334/s, 119.0 min
[atlas] 25370/28871 positions, 102,411,520 evals, 14,338/s, 119.0 min
[atlas] 25337/28871 positions, 102,539,520 evals, 14,356/s, 119.0 min
[atlas] 25615/28871 positions, 102,798,336 evals, 14,333/s, 119.5 min
[atlas] 25633/28871 positions, 102,835,712 evals, 14,337/s, 119.5 min
[atlas] 25595/28871 positions, 102,966,528 evals, 14,356/s, 119.5 min
[atlas] 25615/28871 positions, 103,319,296 evals, 14,345/s, 120.0 min
[atlas] 25633/28871 positions, 103,356,160 evals, 14,350/s, 120.0 min
[atlas] 25595/28871 positions, 103,486,464 evals, 14,368/s, 120.0 min
[atlas] 25615/28871 positions, 103,717,888 evals, 14,341/s, 120.5 min
[atlas] 25633/28871 positions, 103,755,008 evals, 14,345/s, 120.5 min
[atlas] 25856/28871 positions, 103,883,520 evals, 14,363/s, 120.5 min
[atlas] 25880/28871 positions, 104,231,936 evals, 14,352/s, 121.0 min
[atlas] 25895/28871 positions, 104,268,544 evals, 14,357/s, 121.0 min
[atlas] 25856/28871 positions, 104,400,128 evals, 14,375/s, 121.0 min
[atlas] 25880/28871 positions, 104,614,656 evals, 14,346/s, 121.5 min
[atlas] 25895/28871 positions, 104,650,752 evals, 14,350/s, 121.5 min
[atlas] 25856/28871 positions, 104,781,312 evals, 14,368/s, 121.5 min
[atlas] 26143/28871 positions, 105,008,640 evals, 14,341/s, 122.0 min
[atlas] 26156/28871 positions, 105,049,088 evals, 14,346/s, 122.0 min
[atlas] 26116/28871 positions, 105,188,352 evals, 14,365/s, 122.0 min
[atlas] 26143/28871 positions, 105,436,160 evals, 14,340/s, 122.5 min
[atlas] 26156/28871 positions, 105,471,488 evals, 14,345/s, 122.5 min
[atlas] 26116/28871 positions, 105,607,936 evals, 14,363/s, 122.5 min
[atlas] 26143/28871 positions, 105,690,624 evals, 14,317/s, 123.0 min
[atlas] 26156/28871 positions, 105,725,184 evals, 14,321/s, 123.0 min
[atlas] 26116/28871 positions, 105,862,400 evals, 14,339/s, 123.0 min
[atlas] 26401/28871 positions, 105,947,904 evals, 14,293/s, 123.5 min
[atlas] 26420/28871 positions, 105,983,488 evals, 14,298/s, 123.5 min
[atlas] 26374/28871 positions, 106,122,496 evals, 14,316/s, 123.5 min
[atlas] 26401/28871 positions, 106,213,120 evals, 14,271/s, 124.0 min
[atlas] 26420/28871 positions, 106,248,448 evals, 14,276/s, 124.0 min
[atlas] 26374/28871 positions, 106,387,456 evals, 14,294/s, 124.0 min
[atlas] 26401/28871 positions, 106,475,264 evals, 14,249/s, 124.5 min
[atlas] 26420/28871 positions, 106,510,592 evals, 14,253/s, 124.5 min
[atlas] 26374/28871 positions, 106,650,112 evals, 14,272/s, 124.5 min
[atlas] 26401/28871 positions, 106,733,312 evals, 14,226/s, 125.0 min
[atlas] 26420/28871 positions, 106,768,384 evals, 14,231/s, 125.0 min
[atlas] 26374/28871 positions, 106,907,392 evals, 14,249/s, 125.0 min
[atlas] 26662/28871 positions, 106,994,688 evals, 14,204/s, 125.5 min
[atlas] 26681/28871 positions, 107,029,504 evals, 14,209/s, 125.5 min
[atlas] 26634/28871 positions, 107,171,584 evals, 14,227/s, 125.5 min
[atlas] 26662/28871 positions, 107,259,392 evals, 14,183/s, 126.0 min
[atlas] 26681/28871 positions, 107,294,464 evals, 14,187/s, 126.0 min
[atlas] 26634/28871 positions, 107,436,544 evals, 14,206/s, 126.0 min
[atlas] 26662/28871 positions, 107,521,536 evals, 14,162/s, 126.5 min
[atlas] 26681/28871 positions, 107,556,608 evals, 14,166/s, 126.5 min
[atlas] 26634/28871 positions, 107,698,688 evals, 14,184/s, 126.5 min
[atlas] 26662/28871 positions, 107,776,256 evals, 14,139/s, 127.0 min
[atlas] 26681/28871 positions, 107,811,072 evals, 14,143/s, 127.0 min
[atlas] 26634/28871 positions, 107,953,408 evals, 14,162/s, 127.0 min
[atlas] 26920/28871 positions, 108,033,024 evals, 14,117/s, 127.5 min
[atlas] 26939/28871 positions, 108,067,328 evals, 14,121/s, 127.5 min
[atlas] 26895/28871 positions, 108,213,504 evals, 14,140/s, 127.5 min
[atlas] 26920/28871 positions, 108,295,680 evals, 14,096/s, 128.0 min
[atlas] 26939/28871 positions, 108,329,728 evals, 14,100/s, 128.0 min
[atlas] 26895/28871 positions, 108,475,392 evals, 14,119/s, 128.0 min
[atlas] 26920/28871 positions, 108,558,080 evals, 14,076/s, 128.5 min
[atlas] 26939/28871 positions, 108,592,384 evals, 14,080/s, 128.5 min
[atlas] 26895/28871 positions, 108,738,560 evals, 14,098/s, 128.5 min
[atlas] 26920/28871 positions, 108,817,152 evals, 14,054/s, 129.0 min
[atlas] 26939/28871 positions, 108,850,944 evals, 14,058/s, 129.0 min
[atlas] 26895/28871 positions, 108,996,608 evals, 14,077/s, 129.0 min
[atlas] 27085/28871 positions, 109,079,040 evals, 14,034/s, 129.5 min
[atlas] 27202/28871 positions, 109,112,320 evals, 14,038/s, 129.5 min
[atlas] 27158/28871 positions, 109,260,288 evals, 14,057/s, 129.5 min
[atlas] 27178/28871 positions, 109,344,256 evals, 14,014/s, 130.0 min
[atlas] 27202/28871 positions, 109,379,072 evals, 14,018/s, 130.0 min
[atlas] 27158/28871 positions, 109,526,528 evals, 14,037/s, 130.0 min
[atlas] 27178/28871 positions, 109,607,680 evals, 13,994/s, 130.5 min
[atlas] 27202/28871 positions, 109,642,752 evals, 13,998/s, 130.5 min
[atlas] 27158/28871 positions, 109,790,464 evals, 14,017/s, 130.5 min
[atlas] 27178/28871 positions, 109,872,128 evals, 13,974/s, 131.0 min
[atlas] 27202/28871 positions, 109,907,200 evals, 13,978/s, 131.0 min
[atlas] 27158/28871 positions, 110,054,656 evals, 13,997/s, 131.0 min
[atlas] 27439/28871 positions, 110,240,768 evals, 13,968/s, 131.5 min
[atlas] 27461/28871 positions, 110,276,608 evals, 13,972/s, 131.5 min
[atlas] 27417/28871 positions, 110,427,136 evals, 13,991/s, 131.5 min
[atlas] 27439/28871 positions, 110,660,096 evals, 13,968/s, 132.0 min
[atlas] 27461/28871 positions, 110,695,680 evals, 13,972/s, 132.0 min
[atlas] 27417/28871 positions, 110,845,952 evals, 13,991/s, 132.0 min
[atlas] 27439/28871 positions, 111,040,000 evals, 13,963/s, 132.5 min
[atlas] 27461/28871 positions, 111,075,840 evals, 13,967/s, 132.5 min
[atlas] 27677/28871 positions, 111,224,576 evals, 13,985/s, 132.5 min
[atlas] 27699/28871 positions, 111,547,904 evals, 13,974/s, 133.0 min
[atlas] 27721/28871 positions, 111,583,488 evals, 13,978/s, 133.0 min
[atlas] 27677/28871 positions, 111,735,808 evals, 13,997/s, 133.0 min
[atlas] 27699/28871 positions, 111,814,912 evals, 13,955/s, 133.5 min
[atlas] 27721/28871 positions, 111,849,728 evals, 13,959/s, 133.5 min
[atlas] 27677/28871 positions, 112,000,000 evals, 13,977/s, 133.5 min
[atlas] 27699/28871 positions, 112,071,680 evals, 13,935/s, 134.0 min
[atlas] 27721/28871 positions, 112,105,728 evals, 13,939/s, 134.0 min
[atlas] 27942/28871 positions, 112,253,696 evals, 13,957/s, 134.0 min
[atlas] 27958/28871 positions, 112,337,152 evals, 13,916/s, 134.5 min
[atlas] 27981/28871 positions, 112,370,944 evals, 13,920/s, 134.5 min
[atlas] 27942/28871 positions, 112,521,472 evals, 13,938/s, 134.5 min
[atlas] 27958/28871 positions, 112,600,576 evals, 13,897/s, 135.0 min
[atlas] 27981/28871 positions, 112,634,112 evals, 13,900/s, 135.0 min
[atlas] 27942/28871 positions, 112,784,384 evals, 13,919/s, 135.0 min
[atlas] 27958/28871 positions, 112,857,600 evals, 13,877/s, 135.5 min
[atlas] 27981/28871 positions, 112,892,928 evals, 13,881/s, 135.5 min
[atlas] 27942/28871 positions, 113,042,432 evals, 13,899/s, 135.5 min
[atlas] 27958/28871 positions, 113,115,392 evals, 13,857/s, 136.0 min
[atlas] 27981/28871 positions, 113,150,464 evals, 13,861/s, 136.0 min
[atlas] 28200/28871 positions, 113,298,432 evals, 13,880/s, 136.1 min
[atlas] 28222/28871 positions, 113,378,048 evals, 13,839/s, 136.5 min
[atlas] 28245/28871 positions, 113,413,376 evals, 13,843/s, 136.5 min
[atlas] 28200/28871 positions, 113,564,928 evals, 13,861/s, 136.6 min
[atlas] 28222/28871 positions, 113,641,984 evals, 13,820/s, 137.0 min
[atlas] 28245/28871 positions, 113,677,056 evals, 13,824/s, 137.1 min
[atlas] 28200/28871 positions, 113,828,096 evals, 13,843/s, 137.1 min
[atlas] 28222/28871 positions, 113,902,848 evals, 13,802/s, 137.5 min
[atlas] 28245/28871 positions, 113,937,920 evals, 13,806/s, 137.6 min
[atlas] 28200/28871 positions, 114,089,216 evals, 13,824/s, 137.6 min
[atlas] 28222/28871 positions, 114,161,152 evals, 13,783/s, 138.0 min
[atlas] 28245/28871 positions, 114,196,224 evals, 13,787/s, 138.1 min
[atlas] 28456/28871 positions, 114,344,960 evals, 13,805/s, 138.1 min
[atlas] 28482/28871 positions, 114,423,552 evals, 13,765/s, 138.5 min
[atlas] 28506/28871 positions, 114,458,880 evals, 13,769/s, 138.6 min
[atlas] 28456/28871 positions, 114,611,456 evals, 13,787/s, 138.6 min
[atlas] 28482/28871 positions, 114,688,000 evals, 13,747/s, 139.0 min
[atlas] 28506/28871 positions, 114,722,816 evals, 13,751/s, 139.1 min
[atlas] 28456/28871 positions, 114,875,136 evals, 13,769/s, 139.1 min
[atlas] 28482/28871 positions, 114,946,560 evals, 13,728/s, 139.5 min
[atlas] 28506/28871 positions, 114,980,608 evals, 13,732/s, 139.6 min
[atlas] 28456/28871 positions, 115,133,184 evals, 13,750/s, 139.6 min
[atlas] 28482/28871 positions, 115,202,816 evals, 13,710/s, 140.0 min
[atlas] 28506/28871 positions, 115,236,864 evals, 13,714/s, 140.1 min
[atlas] 28715/28871 positions, 115,372,811 evals, 13,730/s, 140.1 min
[atlas] 28743/28871 positions, 115,463,218 evals, 13,692/s, 140.5 min
[atlas] 28762/28871 positions, 115,468,043 evals, 13,692/s, 140.6 min
[atlas] 28717/28871 positions, 115,618,136 evals, 13,710/s, 140.6 min
[atlas] 28743/28871 positions, 115,693,106 evals, 13,671/s, 141.0 min
[atlas] 28762/28871 positions, 115,666,641 evals, 13,667/s, 141.1 min
[atlas] 28717/28871 positions, 115,891,486 evals, 13,694/s, 141.1 min
[atlas] searched 28871 positions in 141.3 min (116,003,015 evals, 13,686/s)
[atlas] wrote data/cloud/opening/porcelain_r01_s4096.part0.npz
[atlas] searched 28871 positions in 141.4 min (115,818,695 evals, 13,651/s)
[atlas] wrote data/cloud/opening/porcelain_r01_s4096.part1.npz
[atlas] searched 28871 positions in 141.4 min (115,896,519 evals, 13,656/s)
[atlas] wrote data/cloud/opening/porcelain_r01_s4096.part2.npz
[atlas] wrote data/cloud/opening/porcelain_r01_s4096.npz (86613 positions from 3 workers)
