[atlas] worker 0/3: children --atlas data/cloud/opening/porcelain_r01_s4096.npz --net porcelain=runs/porc_w-p0905-2038/checkpoints/ckpt-000000.pt --rounds 0 --target-only --sims 4096 --slots 256 --part 0/3 --out data/cloud/opening/porcelain_r0_children_s4096.part0.npz --workers 1 --seed 11
[atlas] worker 1/3: children --atlas data/cloud/opening/porcelain_r01_s4096.npz --net porcelain=runs/porc_w-p0905-2038/checkpoints/ckpt-000000.pt --rounds 0 --target-only --sims 4096 --slots 256 --part 1/3 --out data/cloud/opening/porcelain_r0_children_s4096.part1.npz --workers 1 --seed 12
[atlas] worker 2/3: children --atlas data/cloud/opening/porcelain_r01_s4096.npz --net porcelain=runs/porc_w-p0905-2038/checkpoints/ckpt-000000.pt --rounds 0 --target-only --sims 4096 --slots 256 --part 2/3 --out data/cloud/opening/porcelain_r0_children_s4096.part2.npz --workers 1 --seed 13
[atlas] children of 3728 disagreements from data/cloud/opening/porcelain_r01_s4096.npz
[atlas] children of 3728 disagreements from data/cloud/opening/porcelain_r01_s4096.npz
[atlas] children of 3728 disagreements from data/cloud/opening/porcelain_r01_s4096.npz
[atlas] 7396 child searches, 0 terminal, 60 round-ending moves left to the root Q
[atlas] 7394 child searches, 0 terminal, 62 round-ending moves left to the root Q
[atlas] 7394 child searches, 0 terminal, 62 round-ending moves left to the root Q
[atlas] 0/7396 positions, 283,648 evals, 9,451/s, 0.5 min
[atlas] 0/7394 positions, 294,144 evals, 9,803/s, 0.5 min
[atlas] 0/7394 positions, 293,120 evals, 9,766/s, 0.5 min
[atlas] 0/7396 positions, 577,536 evals, 9,622/s, 1.0 min
[atlas] 0/7394 positions, 585,984 evals, 9,765/s, 1.0 min
[atlas] 0/7394 positions, 586,752 evals, 9,777/s, 1.0 min
[atlas] 0/7396 positions, 838,400 evals, 9,311/s, 1.5 min
[atlas] 0/7394 positions, 858,624 evals, 9,539/s, 1.5 min
[atlas] 0/7394 positions, 851,456 evals, 9,458/s, 1.5 min
[atlas] 258/7396 positions, 1,107,200 evals, 9,223/s, 2.0 min
[atlas] 256/7394 positions, 1,140,992 evals, 9,505/s, 2.0 min
[atlas] 256/7394 positions, 1,129,216 evals, 9,403/s, 2.0 min
[atlas] 258/7396 positions, 1,383,936 evals, 9,223/s, 2.5 min
[atlas] 256/7394 positions, 1,420,800 evals, 9,469/s, 2.5 min
[atlas] 256/7394 positions, 1,411,328 evals, 9,402/s, 2.5 min
[atlas] 258/7396 positions, 1,655,808 evals, 9,195/s, 3.0 min
[atlas] 256/7394 positions, 1,685,248 evals, 9,358/s, 3.0 min
[atlas] 256/7394 positions, 1,679,872 evals, 9,326/s, 3.0 min
[atlas] 258/7396 positions, 1,930,240 evals, 9,188/s, 3.5 min
[atlas] 256/7394 positions, 1,960,448 evals, 9,332/s, 3.5 min
[atlas] 256/7394 positions, 1,958,144 evals, 9,318/s, 3.5 min
[atlas] 514/7396 positions, 2,209,536 evals, 9,203/s, 4.0 min
[atlas] 514/7394 positions, 2,244,864 evals, 9,350/s, 4.0 min
[atlas] 516/7394 positions, 2,240,512 evals, 9,329/s, 4.0 min
[atlas] 514/7396 positions, 2,491,136 evals, 9,223/s, 4.5 min
[atlas] 514/7394 positions, 2,523,136 evals, 9,341/s, 4.5 min
[atlas] 516/7394 positions, 2,515,968 evals, 9,312/s, 4.5 min
[atlas] 514/7396 positions, 2,779,136 evals, 9,261/s, 5.0 min
[atlas] 514/7394 positions, 2,811,136 evals, 9,367/s, 5.0 min
[atlas] 516/7394 positions, 2,802,944 evals, 9,336/s, 5.0 min
[atlas] 514/7396 positions, 3,050,752 evals, 9,240/s, 5.5 min
[atlas] 514/7394 positions, 3,078,144 evals, 9,324/s, 5.5 min
[atlas] 516/7394 positions, 3,066,880 evals, 9,286/s, 5.5 min
[atlas] 770/7396 positions, 3,333,632 evals, 9,256/s, 6.0 min
[atlas] 772/7394 positions, 3,356,928 evals, 9,321/s, 6.0 min
[atlas] 772/7394 positions, 3,346,688 evals, 9,290/s, 6.0 min
[atlas] 770/7396 positions, 3,541,248 evals, 9,075/s, 6.5 min
[atlas] 772/7394 positions, 3,572,224 evals, 9,155/s, 6.5 min
[atlas] 772/7394 positions, 3,560,192 evals, 9,121/s, 6.5 min
[atlas] 770/7396 positions, 3,739,136 evals, 8,898/s, 7.0 min
[atlas] 772/7394 positions, 3,762,176 evals, 8,953/s, 7.0 min
[atlas] 772/7394 positions, 3,747,840 evals, 8,916/s, 7.0 min
[atlas] 770/7396 positions, 3,910,144 evals, 8,684/s, 7.5 min
[atlas] 772/7394 positions, 3,929,344 evals, 8,727/s, 7.5 min
[atlas] 772/7394 positions, 3,921,664 evals, 8,708/s, 7.5 min
[atlas] 770/7396 positions, 4,081,920 evals, 8,499/s, 8.0 min
[atlas] 772/7394 positions, 4,105,984 evals, 8,546/s, 8.0 min
[atlas] 772/7394 positions, 4,089,088 evals, 8,512/s, 8.0 min
[atlas] 1026/7396 positions, 4,268,032 evals, 8,364/s, 8.5 min
[atlas] 1028/7394 positions, 4,294,656 evals, 8,413/s, 8.5 min
[atlas] 1028/7394 positions, 4,274,944 evals, 8,372/s, 8.5 min
[atlas] 1026/7396 positions, 4,456,704 evals, 8,248/s, 9.0 min
[atlas] 1028/7394 positions, 4,482,048 evals, 8,293/s, 9.0 min
[atlas] 1028/7394 positions, 4,459,008 evals, 8,247/s, 9.0 min
[atlas] 1026/7396 positions, 4,611,328 evals, 8,085/s, 9.5 min
[atlas] 1028/7394 positions, 4,637,696 evals, 8,129/s, 9.5 min
[atlas] 1028/7394 positions, 4,613,120 evals, 8,083/s, 9.5 min
[atlas] 1026/7396 positions, 4,808,192 evals, 8,008/s, 10.0 min
[atlas] 1028/7394 positions, 4,833,024 evals, 8,048/s, 10.0 min
[atlas] 1028/7394 positions, 4,808,448 evals, 8,005/s, 10.0 min
[atlas] 1026/7396 positions, 5,016,832 evals, 7,958/s, 10.5 min
[atlas] 1028/7394 positions, 5,037,824 evals, 7,990/s, 10.5 min
[atlas] 1028/7394 positions, 5,020,416 evals, 7,960/s, 10.5 min
[atlas] 1026/7396 positions, 5,206,016 evals, 7,881/s, 11.0 min
[atlas] 1028/7394 positions, 5,225,728 evals, 7,911/s, 11.0 min
[atlas] 1028/7394 positions, 5,210,112 evals, 7,885/s, 11.0 min
[atlas] 1282/7396 positions, 5,381,376 evals, 7,792/s, 11.5 min
[atlas] 1286/7394 positions, 5,400,064 evals, 7,820/s, 11.5 min
[atlas] 1284/7394 positions, 5,386,752 evals, 7,798/s, 11.5 min
[atlas] 1282/7396 positions, 5,580,288 evals, 7,744/s, 12.0 min
[atlas] 1286/7394 positions, 5,601,024 evals, 7,772/s, 12.0 min
[atlas] 1284/7394 positions, 5,581,056 evals, 7,743/s, 12.0 min
[atlas] 1282/7396 positions, 5,711,616 evals, 7,609/s, 12.5 min
[atlas] 1286/7394 positions, 5,734,656 evals, 7,638/s, 12.5 min
[atlas] 1284/7394 positions, 5,715,200 evals, 7,612/s, 12.5 min
[atlas] 1282/7396 positions, 5,846,016 evals, 7,488/s, 13.0 min
[atlas] 1286/7394 positions, 5,870,080 evals, 7,518/s, 13.0 min
[atlas] 1284/7394 positions, 5,846,528 evals, 7,487/s, 13.0 min
[atlas] 1282/7396 positions, 6,049,792 evals, 7,462/s, 13.5 min
[atlas] 1286/7394 positions, 6,069,248 evals, 7,486/s, 13.5 min
[atlas] 1284/7394 positions, 6,058,496 evals, 7,471/s, 13.5 min
[atlas] 1282/7396 positions, 6,251,520 evals, 7,435/s, 14.0 min
[atlas] 1286/7394 positions, 6,281,472 evals, 7,471/s, 14.0 min
[atlas] 1284/7394 positions, 6,261,760 evals, 7,446/s, 14.0 min
[atlas] 1538/7396 positions, 6,519,040 evals, 7,486/s, 14.5 min
[atlas] 1542/7394 positions, 6,546,176 evals, 7,517/s, 14.5 min
[atlas] 1542/7394 positions, 6,526,464 evals, 7,494/s, 14.5 min
[atlas] 1538/7396 positions, 6,786,304 evals, 7,533/s, 15.0 min
[atlas] 1542/7394 positions, 6,804,992 evals, 7,554/s, 15.0 min
[atlas] 1542/7394 positions, 6,787,072 evals, 7,533/s, 15.0 min
[atlas] 1538/7396 positions, 7,052,800 evals, 7,576/s, 15.5 min
[atlas] 1542/7394 positions, 7,067,392 evals, 7,592/s, 15.5 min
[atlas] 1542/7394 positions, 7,048,704 evals, 7,571/s, 15.5 min
[atlas] 1538/7396 positions, 7,276,032 evals, 7,572/s, 16.0 min
[atlas] 1542/7394 positions, 7,298,816 evals, 7,596/s, 16.0 min
[atlas] 1542/7394 positions, 7,277,824 evals, 7,573/s, 16.0 min
[atlas] 1794/7396 positions, 7,539,456 evals, 7,608/s, 16.5 min
[atlas] 1798/7394 positions, 7,565,824 evals, 7,635/s, 16.5 min
[atlas] 1798/7394 positions, 7,549,952 evals, 7,618/s, 16.5 min
[atlas] 1794/7396 positions, 7,798,016 evals, 7,638/s, 17.0 min
[atlas] 1798/7394 positions, 7,832,320 evals, 7,672/s, 17.0 min
[atlas] 1798/7394 positions, 7,814,656 evals, 7,653/s, 17.0 min
[atlas] 1794/7396 positions, 8,025,344 evals, 7,636/s, 17.5 min
[atlas] 1798/7394 positions, 8,057,344 evals, 7,666/s, 17.5 min
[atlas] 1798/7394 positions, 8,042,752 evals, 7,652/s, 17.5 min
[atlas] 1794/7396 positions, 8,253,440 evals, 7,634/s, 18.0 min
[atlas] 1798/7394 positions, 8,283,904 evals, 7,663/s, 18.0 min
[atlas] 1798/7394 positions, 8,267,264 evals, 7,647/s, 18.0 min
[atlas] 2054/7396 positions, 8,486,144 evals, 7,637/s, 18.5 min
[atlas] 2054/7394 positions, 8,516,352 evals, 7,665/s, 18.5 min
[atlas] 2054/7394 positions, 8,494,336 evals, 7,645/s, 18.5 min
[atlas] 2054/7396 positions, 8,704,000 evals, 7,627/s, 19.0 min
[atlas] 2054/7394 positions, 8,733,696 evals, 7,654/s, 19.0 min
[atlas] 2054/7394 positions, 8,720,896 evals, 7,642/s, 19.0 min
[atlas] 2054/7396 positions, 8,956,672 evals, 7,648/s, 19.5 min
[atlas] 2054/7394 positions, 8,992,512 evals, 7,678/s, 19.5 min
[atlas] 2054/7394 positions, 8,982,016 evals, 7,669/s, 19.5 min
[atlas] 2054/7396 positions, 9,215,744 evals, 7,672/s, 20.0 min
[atlas] 2054/7394 positions, 9,249,792 evals, 7,700/s, 20.0 min
[atlas] 2054/7394 positions, 9,234,944 evals, 7,688/s, 20.0 min
[atlas] 2054/7396 positions, 9,424,640 evals, 7,654/s, 20.5 min
[atlas] 2312/7394 positions, 9,454,592 evals, 7,679/s, 20.5 min
[atlas] 2310/7394 positions, 9,444,096 evals, 7,670/s, 20.5 min
[atlas] 2310/7396 positions, 9,671,936 evals, 7,668/s, 21.0 min
[atlas] 2312/7394 positions, 9,692,160 evals, 7,684/s, 21.0 min
[atlas] 2310/7394 positions, 9,689,344 evals, 7,682/s, 21.0 min
[atlas] 2310/7396 positions, 9,905,152 evals, 7,670/s, 21.5 min
[atlas] 2312/7394 positions, 9,919,744 evals, 7,682/s, 21.5 min
[atlas] 2310/7394 positions, 9,916,672 evals, 7,679/s, 21.5 min
[atlas] 2310/7396 positions, 10,139,392 evals, 7,673/s, 22.0 min
[atlas] 2312/7394 positions, 10,151,424 evals, 7,682/s, 22.0 min
[atlas] 2310/7394 positions, 10,145,792 evals, 7,678/s, 22.0 min
[atlas] 2310/7396 positions, 10,332,672 evals, 7,646/s, 22.5 min
[atlas] 2312/7394 positions, 10,346,752 evals, 7,656/s, 22.5 min
[atlas] 2310/7394 positions, 10,346,496 evals, 7,655/s, 22.5 min
[atlas] 2568/7394 positions, 10,489,344 evals, 7,593/s, 23.0 min
[atlas] 2560/7396 positions, 10,488,320 evals, 7,591/s, 23.0 min
[atlas] 2566/7394 positions, 10,496,000 evals, 7,597/s, 23.0 min
[atlas] 2568/7394 positions, 10,649,600 evals, 7,545/s, 23.5 min
[atlas] 2568/7396 positions, 10,660,608 evals, 7,552/s, 23.5 min
[atlas] 2566/7394 positions, 10,666,752 evals, 7,557/s, 23.5 min
[atlas] 2568/7396 positions, 10,832,128 evals, 7,513/s, 24.0 min
[atlas] 2568/7394 positions, 10,817,024 evals, 7,503/s, 24.0 min
[atlas] 2566/7394 positions, 10,828,544 evals, 7,511/s, 24.0 min
[atlas] 2568/7396 positions, 10,975,744 evals, 7,457/s, 24.5 min
[atlas] 2568/7394 positions, 10,954,752 evals, 7,443/s, 24.5 min
[atlas] 2566/7394 positions, 10,965,504 evals, 7,451/s, 24.5 min
[atlas] 2568/7396 positions, 11,074,048 evals, 7,374/s, 25.0 min
[atlas] 2568/7394 positions, 11,048,960 evals, 7,357/s, 25.0 min
[atlas] 2566/7394 positions, 11,063,296 evals, 7,367/s, 25.0 min
[atlas] 2568/7396 positions, 11,162,880 evals, 7,286/s, 25.5 min
[atlas] 2568/7394 positions, 11,143,168 evals, 7,274/s, 25.5 min
[atlas] 2566/7394 positions, 11,150,080 evals, 7,279/s, 25.5 min
[atlas] 2566/7394 positions, 11,249,408 evals, 7,203/s, 26.0 min
[atlas] 2568/7394 positions, 11,237,376 evals, 7,194/s, 26.0 min
[atlas] 2568/7396 positions, 11,259,648 evals, 7,207/s, 26.0 min
[atlas] 2566/7394 positions, 11,335,424 evals, 7,120/s, 26.5 min
[atlas] 2568/7394 positions, 11,327,744 evals, 7,115/s, 26.5 min
[atlas] 2568/7396 positions, 11,347,712 evals, 7,126/s, 26.5 min
[atlas] 2568/7394 positions, 11,428,096 evals, 7,045/s, 27.0 min
[atlas] 2566/7394 positions, 11,431,424 evals, 7,047/s, 27.0 min
[atlas] 2568/7396 positions, 11,448,320 evals, 7,056/s, 27.0 min
[atlas] 2826/7394 positions, 11,571,712 evals, 7,004/s, 27.5 min
[atlas] 2828/7394 positions, 11,574,016 evals, 7,005/s, 27.5 min
[atlas] 2826/7396 positions, 11,599,360 evals, 7,020/s, 27.5 min
[atlas] 2826/7394 positions, 11,685,632 evals, 6,947/s, 28.0 min
[atlas] 2826/7396 positions, 11,716,096 evals, 6,964/s, 28.0 min
[atlas] 2828/7394 positions, 11,693,312 evals, 6,951/s, 28.0 min
[atlas] 2826/7394 positions, 11,796,480 evals, 6,890/s, 28.5 min
[atlas] 2826/7396 positions, 11,827,200 evals, 6,906/s, 28.5 min
[atlas] 2828/7394 positions, 11,803,392 evals, 6,893/s, 28.5 min
[atlas] 2826/7396 positions, 11,925,760 evals, 6,844/s, 29.0 min
[atlas] 2826/7394 positions, 11,897,344 evals, 6,828/s, 29.0 min
[atlas] 2828/7394 positions, 11,901,696 evals, 6,830/s, 29.0 min
[atlas] 2826/7396 positions, 12,035,328 evals, 6,790/s, 29.5 min
[atlas] 2828/7394 positions, 12,015,360 evals, 6,778/s, 29.5 min
[atlas] 2826/7394 positions, 12,011,008 evals, 6,776/s, 29.5 min
[atlas] 2826/7396 positions, 12,228,096 evals, 6,783/s, 30.0 min
[atlas] 2828/7394 positions, 12,199,680 evals, 6,768/s, 30.0 min
[atlas] 2826/7394 positions, 12,199,680 evals, 6,768/s, 30.0 min
[atlas] 2826/7396 positions, 12,464,896 evals, 6,801/s, 30.5 min
[atlas] 2828/7394 positions, 12,436,224 evals, 6,786/s, 30.5 min
[atlas] 2826/7394 positions, 12,435,456 evals, 6,786/s, 30.5 min
[atlas] 3086/7396 positions, 12,639,744 evals, 6,786/s, 31.0 min
[atlas] 3086/7394 positions, 12,604,928 evals, 6,767/s, 31.0 min
[atlas] 3082/7394 positions, 12,600,832 evals, 6,765/s, 31.0 min
[atlas] 3086/7396 positions, 12,908,032 evals, 6,819/s, 31.5 min
[atlas] 3086/7394 positions, 12,878,336 evals, 6,804/s, 31.5 min
[atlas] 3082/7394 positions, 12,872,192 evals, 6,801/s, 31.5 min
[atlas] 3086/7396 positions, 13,138,944 evals, 6,833/s, 32.0 min
[atlas] 3086/7394 positions, 13,115,904 evals, 6,821/s, 32.0 min
[atlas] 3082/7394 positions, 13,111,296 evals, 6,819/s, 32.0 min
[atlas] 3086/7396 positions, 13,419,520 evals, 6,871/s, 32.5 min
[atlas] 3086/7394 positions, 13,387,264 evals, 6,855/s, 32.5 min
[atlas] 3082/7394 positions, 13,389,312 evals, 6,857/s, 32.5 min
[atlas] 3343/7396 positions, 13,709,568 evals, 6,914/s, 33.0 min
[atlas] 3342/7394 positions, 13,684,736 evals, 6,901/s, 33.0 min
[atlas] 3338/7394 positions, 13,675,520 evals, 6,897/s, 33.0 min
[atlas] 3343/7396 positions, 13,817,088 evals, 6,864/s, 33.5 min
[atlas] 3342/7394 positions, 13,789,440 evals, 6,851/s, 33.5 min
[atlas] 3338/7394 positions, 13,779,712 evals, 6,846/s, 33.5 min
[atlas] 3343/7396 positions, 14,089,472 evals, 6,897/s, 34.0 min
[atlas] 3342/7394 positions, 14,065,408 evals, 6,885/s, 34.0 min
[atlas] 3338/7394 positions, 14,049,792 evals, 6,878/s, 34.0 min
[atlas] 3343/7396 positions, 14,309,376 evals, 6,903/s, 34.5 min
[atlas] 3342/7394 positions, 14,289,152 evals, 6,893/s, 34.5 min
[atlas] 3338/7394 positions, 14,274,816 evals, 6,887/s, 34.5 min
[atlas] 3343/7396 positions, 14,515,968 evals, 6,902/s, 35.1 min
[atlas] 3342/7394 positions, 14,502,144 evals, 6,896/s, 35.0 min
[atlas] 3338/7394 positions, 14,487,808 evals, 6,890/s, 35.0 min
[atlas] 3599/7396 positions, 14,774,528 evals, 6,927/s, 35.6 min
[atlas] 3600/7394 positions, 14,748,928 evals, 6,915/s, 35.5 min
[atlas] 3594/7394 positions, 14,730,240 evals, 6,906/s, 35.5 min
[atlas] 3599/7396 positions, 15,044,608 evals, 6,955/s, 36.1 min
[atlas] 3600/7394 positions, 15,017,728 evals, 6,943/s, 36.0 min
[atlas] 3594/7394 positions, 15,000,576 evals, 6,935/s, 36.1 min
[atlas] 3599/7396 positions, 15,304,960 evals, 6,979/s, 36.6 min
[atlas] 3600/7394 positions, 15,287,040 evals, 6,971/s, 36.5 min
[atlas] 3594/7394 positions, 15,265,280 evals, 6,961/s, 36.6 min
[atlas] 3599/7396 positions, 15,559,936 evals, 6,999/s, 37.1 min
[atlas] 3600/7394 positions, 15,541,504 evals, 6,991/s, 37.1 min
[atlas] 3594/7394 positions, 15,526,400 evals, 6,984/s, 37.1 min
[atlas] 3600/7394 positions, 15,677,184 evals, 6,958/s, 37.6 min
[atlas] 3599/7396 positions, 15,689,984 evals, 6,963/s, 37.6 min
[atlas] 3594/7394 positions, 15,661,056 evals, 6,951/s, 37.6 min
[atlas] 3855/7396 positions, 15,808,512 evals, 6,923/s, 38.1 min
[atlas] 3852/7394 positions, 15,787,008 evals, 6,914/s, 38.1 min
[atlas] 3860/7394 positions, 15,802,368 evals, 6,920/s, 38.1 min
[atlas] 3855/7396 positions, 15,989,760 evals, 6,912/s, 38.6 min
[atlas] 3852/7394 positions, 15,970,816 evals, 6,904/s, 38.6 min
[atlas] 3860/7394 positions, 15,994,112 evals, 6,913/s, 38.6 min
[atlas] 3855/7396 positions, 16,148,992 evals, 6,891/s, 39.1 min
[atlas] 3852/7394 positions, 16,124,416 evals, 6,881/s, 39.1 min
[atlas] 3860/7394 positions, 16,148,480 evals, 6,890/s, 39.1 min
[atlas] 3855/7396 positions, 16,312,064 evals, 6,873/s, 39.6 min
[atlas] 3852/7394 positions, 16,273,664 evals, 6,857/s, 39.6 min
[atlas] 3860/7394 positions, 16,300,544 evals, 6,867/s, 39.6 min
[atlas] 3855/7396 positions, 16,444,928 evals, 6,842/s, 40.1 min
[atlas] 3852/7394 positions, 16,412,928 evals, 6,829/s, 40.1 min
[atlas] 3860/7394 positions, 16,430,592 evals, 6,836/s, 40.1 min
[atlas] 3855/7396 positions, 16,597,504 evals, 6,820/s, 40.6 min
[atlas] 3852/7394 positions, 16,560,640 evals, 6,805/s, 40.6 min
[atlas] 3860/7394 positions, 16,572,672 evals, 6,810/s, 40.6 min
[atlas] 3855/7396 positions, 16,730,880 evals, 6,791/s, 41.1 min
[atlas] 3852/7394 positions, 16,694,528 evals, 6,777/s, 41.1 min
[atlas] 3860/7394 positions, 16,704,256 evals, 6,780/s, 41.1 min
[atlas] 4114/7396 positions, 16,881,920 evals, 6,770/s, 41.6 min
[atlas] 4110/7394 positions, 16,841,216 evals, 6,754/s, 41.6 min
[atlas] 4116/7394 positions, 16,852,736 evals, 6,758/s, 41.6 min
[atlas] 4114/7396 positions, 17,054,720 evals, 6,757/s, 42.1 min
[atlas] 4110/7394 positions, 17,020,672 evals, 6,744/s, 42.1 min
[atlas] 4116/7394 positions, 17,032,448 evals, 6,748/s, 42.1 min
[atlas] 4114/7396 positions, 17,260,800 evals, 6,759/s, 42.6 min
[atlas] 4110/7394 positions, 17,226,752 evals, 6,746/s, 42.6 min
[atlas] 4116/7394 positions, 17,242,112 evals, 6,751/s, 42.6 min
[atlas] 4114/7396 positions, 17,535,744 evals, 6,787/s, 43.1 min
[atlas] 4110/7394 positions, 17,508,096 evals, 6,776/s, 43.1 min
[atlas] 4116/7394 positions, 17,524,736 evals, 6,782/s, 43.1 min
[atlas] 4114/7396 positions, 17,742,848 evals, 6,788/s, 43.6 min
[atlas] 4110/7394 positions, 17,714,688 evals, 6,778/s, 43.6 min
[atlas] 4116/7394 positions, 17,732,096 evals, 6,784/s, 43.6 min
[atlas] 4370/7396 positions, 18,022,912 evals, 6,817/s, 44.1 min
[atlas] 4368/7394 positions, 17,998,592 evals, 6,808/s, 44.1 min
[atlas] 4372/7394 positions, 18,013,696 evals, 6,813/s, 44.1 min
[atlas] 4370/7396 positions, 18,254,336 evals, 6,827/s, 44.6 min
[atlas] 4368/7394 positions, 18,230,272 evals, 6,818/s, 44.6 min
[atlas] 4372/7394 positions, 18,246,144 evals, 6,823/s, 44.6 min
[atlas] 4370/7396 positions, 18,458,112 evals, 6,826/s, 45.1 min
[atlas] 4368/7394 positions, 18,436,608 evals, 6,819/s, 45.1 min
[atlas] 4372/7394 positions, 18,447,616 evals, 6,822/s, 45.1 min
[atlas] 4370/7396 positions, 18,670,080 evals, 6,829/s, 45.6 min
[atlas] 4368/7394 positions, 18,648,320 evals, 6,821/s, 45.6 min
[atlas] 4372/7394 positions, 18,662,400 evals, 6,826/s, 45.6 min
[atlas] 4608/7396 positions, 18,878,976 evals, 6,830/s, 46.1 min
[atlas] 4368/7394 positions, 18,857,984 evals, 6,823/s, 46.1 min
[atlas] 4372/7394 positions, 18,872,832 evals, 6,828/s, 46.1 min
[atlas] 4626/7396 positions, 19,121,664 evals, 6,844/s, 46.6 min
[atlas] 4628/7394 positions, 19,097,856 evals, 6,836/s, 46.6 min
[atlas] 4628/7394 positions, 19,110,912 evals, 6,840/s, 46.6 min
[atlas] 4626/7396 positions, 19,382,528 evals, 6,863/s, 47.1 min
[atlas] 4628/7394 positions, 19,357,184 evals, 6,855/s, 47.1 min
[atlas] 4628/7394 positions, 19,371,776 evals, 6,859/s, 47.1 min
[atlas] 4626/7396 positions, 19,669,504 evals, 6,892/s, 47.6 min
[atlas] 4628/7394 positions, 19,643,904 evals, 6,883/s, 47.6 min
[atlas] 4628/7394 positions, 19,658,240 evals, 6,888/s, 47.6 min
[atlas] 4884/7396 positions, 19,955,456 evals, 6,919/s, 48.1 min
[atlas] 4884/7394 positions, 19,929,600 evals, 6,911/s, 48.1 min
[atlas] 4885/7394 positions, 19,943,936 evals, 6,915/s, 48.1 min
[atlas] 4884/7396 positions, 20,260,352 evals, 6,952/s, 48.6 min
[atlas] 4884/7394 positions, 20,234,496 evals, 6,944/s, 48.6 min
[atlas] 4885/7394 positions, 20,248,832 evals, 6,948/s, 48.6 min
[atlas] 4884/7396 positions, 20,546,304 evals, 6,979/s, 49.1 min
[atlas] 4884/7394 positions, 20,520,448 evals, 6,970/s, 49.1 min
[atlas] 4885/7394 positions, 20,535,040 evals, 6,975/s, 49.1 min
[atlas] 4884/7396 positions, 20,823,552 evals, 7,001/s, 49.6 min
[atlas] 4884/7394 positions, 20,797,440 evals, 6,993/s, 49.6 min
[atlas] 4885/7394 positions, 20,811,776 evals, 6,997/s, 49.6 min
[atlas] 5140/7396 positions, 21,068,800 evals, 7,013/s, 50.1 min
[atlas] 5142/7394 positions, 21,042,432 evals, 7,005/s, 50.1 min
[atlas] 5141/7394 positions, 21,056,512 evals, 7,009/s, 50.1 min
[atlas] 5140/7396 positions, 21,177,600 evals, 6,980/s, 50.6 min
[atlas] 5142/7394 positions, 21,150,464 evals, 6,971/s, 50.6 min
[atlas] 5141/7394 positions, 21,165,056 evals, 6,975/s, 50.6 min
[atlas] 5140/7396 positions, 21,516,800 evals, 7,022/s, 51.1 min
[atlas] 5142/7394 positions, 21,498,112 evals, 7,016/s, 51.1 min
[atlas] 5141/7394 positions, 21,508,352 evals, 7,019/s, 51.1 min
[atlas] 5140/7396 positions, 21,763,328 evals, 7,034/s, 51.6 min
[atlas] 5142/7394 positions, 21,748,992 evals, 7,029/s, 51.6 min
[atlas] 5141/7394 positions, 21,757,952 evals, 7,032/s, 51.6 min
[atlas] 5140/7396 positions, 21,986,560 evals, 7,037/s, 52.1 min
[atlas] 5142/7394 positions, 21,975,808 evals, 7,034/s, 52.1 min
[atlas] 5141/7394 positions, 21,986,816 evals, 7,037/s, 52.1 min
[atlas] 5397/7396 positions, 22,231,040 evals, 7,048/s, 52.6 min
[atlas] 5398/7394 positions, 22,220,544 evals, 7,045/s, 52.6 min
[atlas] 5397/7394 positions, 22,231,296 evals, 7,048/s, 52.6 min
[atlas] 5397/7396 positions, 22,459,648 evals, 7,053/s, 53.1 min
[atlas] 5398/7394 positions, 22,449,408 evals, 7,051/s, 53.1 min
[atlas] 5397/7394 positions, 22,461,952 evals, 7,054/s, 53.1 min
[atlas] 5397/7396 positions, 22,688,000 evals, 7,059/s, 53.6 min
[atlas] 5398/7394 positions, 22,678,016 evals, 7,056/s, 53.6 min
[atlas] 5397/7394 positions, 22,692,608 evals, 7,060/s, 53.6 min
[atlas] 5397/7396 positions, 22,914,048 evals, 7,063/s, 54.1 min
[atlas] 5398/7394 positions, 22,907,904 evals, 7,061/s, 54.1 min
[atlas] 5397/7394 positions, 22,919,680 evals, 7,064/s, 54.1 min
[atlas] 5655/7396 positions, 23,144,960 evals, 7,069/s, 54.6 min
[atlas] 5654/7394 positions, 23,130,112 evals, 7,065/s, 54.6 min
[atlas] 5653/7394 positions, 23,146,752 evals, 7,069/s, 54.6 min
[atlas] 5655/7396 positions, 23,378,688 evals, 7,075/s, 55.1 min
[atlas] 5654/7394 positions, 23,363,328 evals, 7,071/s, 55.1 min
[atlas] 5653/7394 positions, 23,381,504 evals, 7,076/s, 55.1 min
[atlas] 5655/7396 positions, 23,599,616 evals, 7,078/s, 55.6 min
[atlas] 5654/7394 positions, 23,586,304 evals, 7,074/s, 55.6 min
[atlas] 5653/7394 positions, 23,602,944 evals, 7,079/s, 55.6 min
[atlas] 5655/7396 positions, 23,810,304 evals, 7,077/s, 56.1 min
[atlas] 5654/7394 positions, 23,800,576 evals, 7,075/s, 56.1 min
[atlas] 5653/7394 positions, 23,821,056 evals, 7,080/s, 56.1 min
[atlas] 5655/7396 positions, 24,027,136 evals, 7,079/s, 56.6 min
[atlas] 5654/7394 positions, 24,014,336 evals, 7,075/s, 56.6 min
[atlas] 5653/7394 positions, 24,037,376 evals, 7,081/s, 56.6 min
[atlas] 5911/7396 positions, 24,233,216 evals, 7,077/s, 57.1 min
[atlas] 5914/7394 positions, 24,225,024 evals, 7,075/s, 57.1 min
[atlas] 5909/7394 positions, 24,250,624 evals, 7,082/s, 57.1 min
[atlas] 5911/7396 positions, 24,453,632 evals, 7,079/s, 57.6 min
[atlas] 5914/7394 positions, 24,444,416 evals, 7,077/s, 57.6 min
[atlas] 5909/7394 positions, 24,471,552 evals, 7,084/s, 57.6 min
[atlas] 5911/7396 positions, 24,658,432 evals, 7,077/s, 58.1 min
[atlas] 5914/7394 positions, 24,647,680 evals, 7,074/s, 58.1 min
[atlas] 5909/7394 positions, 24,674,816 evals, 7,081/s, 58.1 min
[atlas] 5911/7396 positions, 24,868,608 evals, 7,076/s, 58.6 min
[atlas] 5914/7394 positions, 24,856,832 evals, 7,073/s, 58.6 min
[atlas] 5909/7394 positions, 24,886,272 evals, 7,081/s, 58.6 min
[atlas] 5911/7396 positions, 25,061,632 evals, 7,071/s, 59.1 min
[atlas] 5914/7394 positions, 25,049,600 evals, 7,068/s, 59.1 min
[atlas] 5909/7394 positions, 25,080,576 evals, 7,076/s, 59.1 min
[atlas] 6168/7396 positions, 25,271,808 evals, 7,070/s, 59.6 min
[atlas] 6170/7394 positions, 25,260,032 evals, 7,067/s, 59.6 min
[atlas] 6165/7394 positions, 25,294,592 evals, 7,076/s, 59.6 min
[atlas] 6168/7396 positions, 25,532,416 evals, 7,084/s, 60.1 min
[atlas] 6170/7394 positions, 25,520,384 evals, 7,081/s, 60.1 min
[atlas] 6165/7394 positions, 25,554,944 evals, 7,090/s, 60.1 min
[atlas] 6168/7396 positions, 25,796,096 evals, 7,098/s, 60.6 min
[atlas] 6170/7394 positions, 25,783,808 evals, 7,095/s, 60.6 min
[atlas] 6165/7394 positions, 25,819,392 evals, 7,104/s, 60.6 min
[atlas] 6168/7396 positions, 26,047,744 evals, 7,108/s, 61.1 min
[atlas] 6170/7394 positions, 26,033,152 evals, 7,105/s, 61.1 min
[atlas] 6165/7394 positions, 26,068,224 evals, 7,114/s, 61.1 min
[atlas] 6426/7396 positions, 26,312,448 evals, 7,122/s, 61.6 min
[atlas] 6426/7394 positions, 26,299,136 evals, 7,119/s, 61.6 min
[atlas] 6421/7394 positions, 26,335,744 evals, 7,128/s, 61.6 min
[atlas] 6426/7396 positions, 26,567,424 evals, 7,133/s, 62.1 min
[atlas] 6426/7394 positions, 26,553,856 evals, 7,130/s, 62.1 min
[atlas] 6421/7394 positions, 26,589,440 evals, 7,139/s, 62.1 min
[atlas] 6426/7396 positions, 26,759,424 evals, 7,127/s, 62.6 min
[atlas] 6426/7394 positions, 26,749,952 evals, 7,125/s, 62.6 min
[atlas] 6421/7394 positions, 26,783,488 evals, 7,133/s, 62.6 min
[atlas] 6426/7396 positions, 26,927,616 evals, 7,115/s, 63.1 min
[atlas] 6426/7394 positions, 26,922,240 evals, 7,114/s, 63.1 min
[atlas] 6421/7394 positions, 26,957,568 evals, 7,123/s, 63.1 min
[atlas] 6426/7396 positions, 27,105,280 evals, 7,106/s, 63.6 min
[atlas] 6426/7394 positions, 27,100,928 evals, 7,105/s, 63.6 min
[atlas] 6421/7394 positions, 27,140,864 evals, 7,115/s, 63.6 min
[atlas] 6682/7396 positions, 27,389,696 evals, 7,124/s, 64.1 min
[atlas] 6682/7394 positions, 27,400,960 evals, 7,128/s, 64.1 min
[atlas] 6679/7394 positions, 27,438,848 evals, 7,137/s, 64.1 min
[atlas] 6682/7396 positions, 27,646,208 evals, 7,135/s, 64.6 min
[atlas] 6682/7394 positions, 27,653,888 evals, 7,138/s, 64.6 min
[atlas] 6679/7394 positions, 27,691,776 evals, 7,147/s, 64.6 min
[atlas] 6682/7396 positions, 27,830,528 evals, 7,127/s, 65.1 min
[atlas] 6682/7394 positions, 27,845,120 evals, 7,132/s, 65.1 min
[atlas] 6679/7394 positions, 27,879,424 evals, 7,140/s, 65.1 min
[atlas] 6682/7394 positions, 28,021,248 evals, 7,122/s, 65.6 min
[atlas] 6682/7396 positions, 28,003,840 evals, 7,117/s, 65.6 min
[atlas] 6679/7394 positions, 28,055,552 evals, 7,130/s, 65.6 min
[atlas] 6682/7394 positions, 28,190,720 evals, 7,111/s, 66.1 min
[atlas] 6682/7396 positions, 28,176,896 evals, 7,107/s, 66.1 min
[atlas] 6679/7394 positions, 28,224,000 evals, 7,118/s, 66.1 min
[atlas] 6938/7394 positions, 28,397,568 evals, 7,109/s, 66.6 min
[atlas] 6940/7396 positions, 28,388,096 evals, 7,106/s, 66.6 min
[atlas] 6935/7394 positions, 28,439,040 evals, 7,119/s, 66.6 min
[atlas] 6938/7394 positions, 28,603,648 evals, 7,107/s, 67.1 min
[atlas] 6940/7396 positions, 28,594,944 evals, 7,105/s, 67.1 min
[atlas] 6935/7394 positions, 28,643,072 evals, 7,116/s, 67.1 min
[atlas] 6938/7394 positions, 28,792,320 evals, 7,101/s, 67.6 min
[atlas] 6940/7396 positions, 28,786,176 evals, 7,099/s, 67.6 min
[atlas] 6935/7394 positions, 28,843,008 evals, 7,113/s, 67.6 min
[atlas] 6938/7394 positions, 28,955,392 evals, 7,089/s, 68.1 min
[atlas] 6940/7396 positions, 28,949,248 evals, 7,087/s, 68.1 min
[atlas] 6935/7394 positions, 29,007,872 evals, 7,101/s, 68.1 min
[atlas] 6938/7394 positions, 29,212,928 evals, 7,100/s, 68.6 min
[atlas] 6940/7396 positions, 29,202,432 evals, 7,097/s, 68.6 min
[atlas] 6935/7394 positions, 29,270,272 evals, 7,113/s, 68.6 min
[atlas] 7194/7394 positions, 29,435,722 evals, 7,102/s, 69.1 min
[atlas] 7196/7396 positions, 29,424,524 evals, 7,099/s, 69.1 min
[atlas] 7191/7394 positions, 29,490,743 evals, 7,115/s, 69.1 min
[atlas] 7194/7394 positions, 29,633,722 evals, 7,099/s, 69.6 min
[atlas] 7196/7396 positions, 29,620,724 evals, 7,095/s, 69.6 min
[atlas] 7191/7394 positions, 29,687,653 evals, 7,111/s, 69.6 min
[atlas] 7194/7394 positions, 29,813,122 evals, 7,091/s, 70.1 min
[atlas] 7196/7396 positions, 29,800,524 evals, 7,087/s, 70.1 min
[atlas] 7191/7394 positions, 29,870,353 evals, 7,103/s, 70.1 min
[atlas] 7194/7394 positions, 30,113,322 evals, 7,111/s, 70.6 min
[atlas] 7196/7396 positions, 30,102,524 evals, 7,108/s, 70.6 min
[atlas] 7191/7394 positions, 30,171,402 evals, 7,124/s, 70.6 min
[atlas] searched 7394 children in 70.6 min (30,199,010 evals)
[atlas] wrote data/cloud/opening/porcelain_r0_children_s4096.part2.npz
[atlas] searched 7394 children in 70.7 min (30,186,722 evals)
[atlas] wrote data/cloud/opening/porcelain_r0_children_s4096.part0.npz
[atlas] searched 7396 children in 70.7 min (30,186,724 evals)
[atlas] wrote data/cloud/opening/porcelain_r0_children_s4096.part1.npz
[atlas] wrote data/cloud/opening/porcelain_r0_children_s4096.npz (11184 positions from 3 workers)
