== pull
[corpus] 20/123 pulled
[corpus] 40/123 pulled
[corpus] 60/123 pulled
[corpus] 80/123 pulled
[corpus] 100/123 pulled
[corpus] 120/123 pulled
[corpus] rlx_teacher: 128 had, 123 new, 251 on the hub
[corpus] rlx_bga: 238 had, 0 new, 238 on the hub
== build
[corpus] wrote data/cloud/porcelain_corpus.npz: 6,386,038 positions from 119,395 games (6,193,244 with a search value, 6,386,038 policy targets)
"games":115600 "positions":6178346 "jobs":48 "games":3795 "positions":207692 "jobs":2
== pretrain + rate: runs/porc_w6-p0905-2235
pretrain epoch 4/6: loss 1.9851 (p 1.5994 v 0.2186 m 0.1671) in 1175s
pretrain epoch 5/6: loss 1.9593 (p 1.5820 v 0.2123 m 0.1649) in 1530s
pretrain epoch 6/6: loss 1.9413 (p 1.5702 v 0.2078 m 0.1633) in 1928s
eval ckpt-000000: elo +2496.0 +/- 39.0 over 280 games in 467s | random 1.00 greedy 1.00 heuristic 0.99 mcts:runs/run1/checkpoints/ckpt-024064.pt?sims=100 0.93 mcts:runs/run2/checkpoints/ckpt-023040.pt?sims=100 0.93 mcts:runs/run3/checkpoints/ckpt-020992.pt?sims=100 0.88 mcts:runs/run4/checkpoints/ckpt-037888.pt?sims=100 0.69
== wall-clock screen vs porcelain (100 games)
cand vs porcelain: 50-3-47 (0.52) scores 41.9-40.5
cand           +5.2 +/- 707106.8      100 games
porcelain      -5.2 +/- 707106.8      100 games
